Component: ARM Compiler 5.06 update 6 (build 750) Tool: armlink [4d35ed]

==============================================================================

Section Cross References

    main.o(.text) refers to kservice.o(.text) for rt_kprintf
    main.o(.text) refers to thread.o(.text) for rt_thread_mdelay
    main.o(.text) refers to main.o(.data) for tid1
    main.o(.text) refers to main.o(.bss) for thread2_stack
    main.o(FSymTab) refers to main.o(.rodata.name) for __fsym___cmd_main_name
    main.o(FSymTab) refers to components.o(.text) for main
    board.o(.text) refers to stm32f1xx_hal_cortex.o(.text) for HAL_NVIC_SetPriorityGrouping
    board.o(.text) refers to stm32f1xx_hal_rcc.o(.text) for HAL_RCC_OscConfig
    board.o(.text) refers to kservice.o(.text) for rt_assert_handler
    board.o(.text) refers to irq.o(.text) for rt_interrupt_enter
    board.o(.text) refers to stm32f1xx_hal.o(.text) for HAL_IncTick
    board.o(.text) refers to clock.o(.text) for rt_tick_increase
    board.o(.text) refers to mem.o(.text) for rt_system_heap_init
    board.o(.text) refers to components.o(.text) for rt_components_board_init
    board.o(.text) refers to board.o(.constdata) for __FUNCTION__
    board.o(.text) refers to board.o(.conststring) for .conststring
    drv_gpio.o(.text) refers to stm32f1xx_hal_gpio.o(.text) for HAL_GPIO_WritePin
    drv_gpio.o(.text) refers to context_rvds.o(.text) for rt_hw_interrupt_disable
    drv_gpio.o(.text) refers to stm32f1xx_hal_cortex.o(.text) for HAL_NVIC_SetPriority
    drv_gpio.o(.text) refers to drv_gpio.o(.constdata) for pins
    drv_gpio.o(.text) refers to drv_gpio.o(.data) for pin_irq_hdr_tab
    drv_gpio.o(.text) refers to pin.o(.text) for rt_device_pin_register
    drv_gpio.o(.text) refers to irq.o(.text) for rt_interrupt_enter
    drv_gpio.o(.constdata) refers to drv_gpio.o(.text) for GPIOE_CLK_ENABLE
    drv_gpio.o(.rti_fn.1) refers to drv_gpio.o(.text) for rt_hw_pin_init
    drv_usart.o(.text) refers to kservice.o(.text) for rt_assert_handler
    drv_usart.o(.text) refers to stm32f1xx_hal_uart.o(.text) for HAL_UART_Init
    drv_usart.o(.text) refers to serial.o(.text) for rt_hw_serial_isr
    drv_usart.o(.text) refers to irq.o(.text) for rt_interrupt_enter
    drv_usart.o(.text) refers to stm32f1xx_hal_gpio.o(.text) for HAL_GPIO_Init
    drv_usart.o(.text) refers to stm32f1xx_hal_cortex.o(.text) for HAL_NVIC_SetPriority
    drv_usart.o(.text) refers to drv_usart.o(.constdata) for __FUNCTION__
    drv_usart.o(.text) refers to drv_usart.o(.bss) for serial1
    drv_usart.o(.text) refers to drv_usart.o(.data) for uart1
    drv_usart.o(.constdata) refers to drv_usart.o(.text) for stm32_configure
    drv_usart.o(.rti_fn.1) refers to drv_usart.o(.text) for rt_hw_usart_init
    system_stm32f1xx.o(.text) refers to system_stm32f1xx.o(.data) for SystemCoreClock
    system_stm32f1xx.o(.text) refers to system_stm32f1xx.o(.constdata) for AHBPrescTable
    stm32f1xx_hal_gpio.o(.text) refers to drv_gpio.o(.text) for HAL_GPIO_EXTI_Callback
    stm32f1xx_hal_flash.o(.text) refers to stm32f1xx_hal.o(.text) for HAL_GetTick
    stm32f1xx_hal_flash.o(.text) refers to llushr.o(.text) for __aeabi_llsr
    stm32f1xx_hal_flash.o(.text) refers to stm32f1xx_hal_flash_ex.o(.text) for FLASH_PageErase
    stm32f1xx_hal_flash.o(.text) refers to stm32f1xx_hal_flash.o(.bss) for pFlash
    stm32f1xx_hal_flash.o(.text) refers to stm32f1xx_hal_cortex.o(.text) for HAL_NVIC_SystemReset
    stm32f1xx_hal_flash_ex.o(.text) refers to stm32f1xx_hal_flash.o(.text) for FLASH_WaitForLastOperation
    stm32f1xx_hal_flash_ex.o(.text) refers to stm32f1xx_hal_flash.o(.bss) for pFlash
    stm32f1xx_hal_dma.o(.text) refers to stm32f1xx_hal.o(.text) for HAL_GetTick
    stm32f1xx_hal_rcc.o(.text) refers to stm32f1xx_hal.o(.text) for HAL_GetTick
    stm32f1xx_hal_rcc.o(.text) refers to system_stm32f1xx.o(.data) for SystemCoreClock
    stm32f1xx_hal_rcc.o(.text) refers to stm32f1xx_hal_gpio.o(.text) for HAL_GPIO_Init
    stm32f1xx_hal_rcc.o(.text) refers to system_stm32f1xx.o(.constdata) for AHBPrescTable
    stm32f1xx_hal_rcc_ex.o(.text) refers to stm32f1xx_hal.o(.text) for HAL_GetTick
    stm32f1xx_hal_rcc_ex.o(.text) refers to stm32f1xx_hal_rcc.o(.text) for HAL_RCC_GetSysClockFreq
    stm32f1xx_hal_tim.o(.text) refers to stm32f1xx_hal_dma.o(.text) for HAL_DMA_Start_IT
    stm32f1xx_hal_tim.o(.text) refers to stm32f1xx_hal_tim_ex.o(.text) for HAL_TIMEx_BreakCallback
    stm32f1xx_hal_tim_ex.o(.text) refers to stm32f1xx_hal_tim.o(.text) for TIM_Base_SetConfig
    stm32f1xx_hal_tim_ex.o(.text) refers to stm32f1xx_hal_dma.o(.text) for HAL_DMA_Start_IT
    stm32f1xx_hal_uart.o(.text) refers to stm32f1xx_hal_rcc.o(.text) for HAL_RCC_GetPCLK2Freq
    stm32f1xx_hal_uart.o(.text) refers to drv_usart.o(.text) for HAL_UART_MspInit
    stm32f1xx_hal_uart.o(.text) refers to stm32f1xx_hal.o(.text) for HAL_GetTick
    stm32f1xx_hal_uart.o(.text) refers to stm32f1xx_hal_dma.o(.text) for HAL_DMA_Start_IT
[...]
    __cpp_initialize__aeabi_                  - Undefined Weak Reference
    __cxa_finalize                            - Undefined Weak Reference
    _clock_init                               - Undefined Weak Reference
    _microlib_exit                            - Undefined Weak Reference
    __Vectors_Size                           0x00000130   Number         0  startup_stm32f103xe.o ABSOLUTE
    __Vectors                                0x08000000   Data           4  startup_stm32f103xe.o(RESET)
    __Vectors_End                            0x08000130   Data           0  startup_stm32f103xe.o(RESET)
    __main                                   0x08000131   Thumb Code     0  entry.o(.ARM.Collect$$$$00000000)
    _main_stk                                0x08000131   Thumb Code     0  entry2.o(.ARM.Collect$$$$00000001)
    _main_scatterload                        0x08000135   Thumb Code     0  entry5.o(.ARM.Collect$$$$00000004)
    __main_after_scatterload                 0x08000139   Thumb Code     0  entry5.o(.ARM.Collect$$$$00000004)
    _main_clock                              0x08000139   Thumb Code     0  entry7b.o(.ARM.Collect$$$$00000008)
    _main_cpp_init                           0x08000139   Thumb Code     0  entry8b.o(.ARM.Collect$$$$0000000A)
    _main_init                               0x08000139   Thumb Code     0  entry9a.o(.ARM.Collect$$$$0000000B)
    __rt_final_cpp                           0x08000141   Thumb Code     0  entry10a.o(.ARM.Collect$$$$0000000D)
    __rt_final_exit                          0x08000141   Thumb Code     0  entry11a.o(.ARM.Collect$$$$0000000F)
    $Super$$main                             0x0800017d   Thumb Code    84  main.o(.text)
    HAL_MspInit                              0x0800022d   Thumb Code   140  board.o(.text)
    SystemClock_Config                       0x080002b9   Thumb Code   130  board.o(.text)
    SysTick_Handler                          0x0800033b   Thumb Code    20  board.o(.text)
    rt_hw_board_init                         0x0800034f   Thumb Code    30  board.o(.text)
    NMI_Handler                              0x080003bd   Thumb Code     2  stm32f1xx_it.o(.text)
    MemManage_Handler                        0x080003bf   Thumb Code     4  stm32f1xx_it.o(.text)
    BusFault_Handler                         0x080003c3   Thumb Code     4  stm32f1xx_it.o(.text)
    UsageFault_Handler                       0x080003c7   Thumb Code     4  stm32f1xx_it.o(.text)
    DebugMon_Handler                         0x080003cb   Thumb Code     2  stm32f1xx_it.o(.text)
    get_pin                                  0x080004ad   Thumb Code    26  drv_gpio.o(.text)
    stm32_pin_write                          0x080004c7   Thumb Code    40  drv_gpio.o(.text)
    stm32_pin_read                           0x080004ef   Thumb Code    42  drv_gpio.o(.text)
    stm32_pin_mode                           0x08000519   Thumb Code   120  drv_gpio.o(.text)
    stm32_pin_attach_irq                     0x080005af   Thumb Code   216  drv_gpio.o(.text)
    stm32_pin_dettach_irq                    0x08000687   Thumb Code   134  drv_gpio.o(.text)
    stm32_pin_irq_enable                     0x0800070d   Thumb Code   288  drv_gpio.o(.text)
    rt_hw_pin_init                           0x0800082d   Thumb Code    18  drv_gpio.o(.text)
    HAL_GPIO_EXTI_Callback                   0x0800083f   Thumb Code    54  drv_gpio.o(.text)
    EXTI0_IRQHandler                         0x08000875   Thumb Code    18  drv_gpio.o(.text)
    EXTI1_IRQHandler                         0x08000887   Thumb Code    18  drv_gpio.o(.text)
    EXTI2_IRQHandler                         0x08000899   Thumb Code    18  drv_gpio.o(.text)
    EXTI3_IRQHandler                         0x080008ab   Thumb Code    18  drv_gpio.o(.text)
    EXTI4_IRQHandler                         0x080008bd   Thumb Code    18  drv_gpio.o(.text)
    EXTI9_5_IRQHandler                       0x080008cf   Thumb Code    46  drv_gpio.o(.text)
    EXTI15_10_IRQHandler                     0x080008fd   Thumb Code    60  drv_gpio.o(.text)
    USART1_IRQHandler                        0x08000b03   Thumb Code    18  drv_usart.o(.text)
    rt_hw_usart_init                         0x08000b47   Thumb Code    58  drv_usart.o(.text)
    HAL_UART_MspInit                         0x08000b81   Thumb Code   366  drv_usart.o(.text)
    HAL_UART_MspDeInit                       0x08000cef   Thumb Code   280  drv_usart.o(.text)
    SystemInit                               0x08000e15   Thumb Code    70  system_stm32f1xx.o(.text)
    SystemCoreClockUpdate                    0x08000e5b   Thumb Code   142  system_stm32f1xx.o(.text)
    HAL_GPIO_Init                            0x08000f09   Thumb Code   790  stm32f1xx_hal_gpio.o(.text)
    HAL_GPIO_DeInit                          0x0800121f   Thumb Code   312  stm32f1xx_hal_gpio.o(.text)
    HAL_GPIO_ReadPin                         0x08001357   Thumb Code    16  stm32f1xx_hal_gpio.o(.text)
    HAL_GPIO_WritePin                        0x08001367   Thumb Code    12  stm32f1xx_hal_gpio.o(.text)
    HAL_GPIO_TogglePin                       0x08001373   Thumb Code     8  stm32f1xx_hal_gpio.o(.text)
    HAL_GPIO_LockPin                         0x0800137b   Thumb Code    46  stm32f1xx_hal_gpio.o(.text)
    HAL_GPIO_EXTI_IRQHandler                 0x080013ab   Thumb Code    28  stm32f1xx_hal_gpio.o(.text)
    HAL_DMA_Init                             0x080013f1   Thumb Code   140  stm32f1xx_hal_dma.o(.text)
    HAL_DMA_DeInit                           0x0800147d   Thumb Code   124  stm32f1xx_hal_dma.o(.text)
    HAL_DMA_Start                            0x08001525   Thumb Code   114  stm32f1xx_hal_dma.o(.text)
    HAL_DMA_Start_IT                         0x08001597   Thumb Code   156  stm32f1xx_hal_dma.o(.text)
    HAL_DMA_Abort                            0x08001633   Thumb Code    58  stm32f1xx_hal_dma.o(.text)
    HAL_DMA_Abort_IT                         0x0800166d   Thumb Code   422  stm32f1xx_hal_dma.o(.text)
    HAL_DMA_PollForTransfer                  0x08001813   Thumb Code  1614  stm32f1xx_hal_dma.o(.text)
    HAL_DMA_IRQHandler                       0x08001e61   Thumb Code   922  stm32f1xx_hal_dma.o(.text)
    HAL_DMA_RegisterCallback                 0x080021fb   Thumb Code    90  stm32f1xx_hal_dma.o(.text)
    HAL_DMA_UnRegisterCallback               0x08002255   Thumb Code   106  stm32f1xx_hal_dma.o(.text)
    HAL_DMA_GetState                         0x080022bf   Thumb Code     8  stm32f1xx_hal_dma.o(.text)
    HAL_DMA_GetError                         0x080022c7   Thumb Code     6  stm32f1xx_hal_dma.o(.text)
    HAL_NVIC_SetPriorityGrouping             0x080022f5   Thumb Code    36  stm32f1xx_hal_cortex.o(.text)
    HAL_NVIC_SetPriority                     0x08002319   Thumb Code   124  stm32f1xx_hal_cortex.o(.text)
    HAL_NVIC_EnableIRQ                       0x08002395   Thumb Code    26  stm32f1xx_hal_cortex.o(.text)
    HAL_NVIC_DisableIRQ                      0x080023af   Thumb Code    22  stm32f1xx_hal_cortex.o(.text)
    HAL_NVIC_SystemReset                     0x080023c5   Thumb Code    64  stm32f1xx_hal_cortex.o(.text)
    HAL_SYSTICK_Config                       0x08002405   Thumb Code    52  stm32f1xx_hal_cortex.o(.text)
    HAL_NVIC_GetPriorityGrouping             0x08002439   Thumb Code     8  stm32f1xx_hal_cortex.o(.text)
    HAL_NVIC_GetPriority                     0x08002441   Thumb Code   138  stm32f1xx_hal_cortex.o(.text)
    HAL_NVIC_SetPendingIRQ                   0x080024cb   Thumb Code    24  stm32f1xx_hal_cortex.o(.text)
    HAL_NVIC_GetPendingIRQ                   0x080024e3   Thumb Code    38  stm32f1xx_hal_cortex.o(.text)
    HAL_NVIC_ClearPendingIRQ                 0x08002509   Thumb Code    22  stm32f1xx_hal_cortex.o(.text)
    HAL_NVIC_GetActive                       0x0800251f   Thumb Code    38  stm32f1xx_hal_cortex.o(.text)
    HAL_SYSTICK_CLKSourceConfig              0x08002545   Thumb Code    40  stm32f1xx_hal_cortex.o(.text)
    HAL_SYSTICK_Callback                     0x0800256d   Thumb Code     2  stm32f1xx_hal_cortex.o(.text)
    HAL_SYSTICK_IRQHandler                   0x0800256f   Thumb Code     8  stm32f1xx_hal_cortex.o(.text)
    HAL_RCC_DeInit                           0x08002599   Thumb Code    64  stm32f1xx_hal_rcc.o(.text)
    HAL_RCC_OscConfig                        0x080025fd   Thumb Code  1090  stm32f1xx_hal_rcc.o(.text)
    HAL_RCC_GetSysClockFreq                  0x08002a3f   Thumb Code   118  stm32f1xx_hal_rcc.o(.text)
    HAL_RCC_ClockConfig                      0x08002ab5   Thumb Code   402  stm32f1xx_hal_rcc.o(.text)
    HAL_RCC_MCOConfig                        0x08002c47   Thumb Code    92  stm32f1xx_hal_rcc.o(.text)
    HAL_RCC_EnableCSS                        0x08002ca3   Thumb Code     8  stm32f1xx_hal_rcc.o(.text)
    HAL_RCC_DisableCSS                       0x08002cab   Thumb Code     8  stm32f1xx_hal_rcc.o(.text)
    HAL_RCC_GetHCLKFreq                      0x08002cb3   Thumb Code     6  stm32f1xx_hal_rcc.o(.text)
    HAL_RCC_GetPCLK1Freq                     0x08002cb9   Thumb Code    22  stm32f1xx_hal_rcc.o(.text)
    HAL_RCC_GetPCLK2Freq                     0x08002ccf   Thumb Code    22  stm32f1xx_hal_rcc.o(.text)
    HAL_RCC_GetOscConfig                     0x08002ce5   Thumb Code   254  stm32f1xx_hal_rcc.o(.text)
    HAL_RCC_GetClockConfig                   0x08002de3   Thumb Code    58  stm32f1xx_hal_rcc.o(.text)
    HAL_RCC_CSSCallback                      0x08002e1d   Thumb Code     2  stm32f1xx_hal_rcc.o(.text)
    HAL_RCC_NMI_IRQHandler                   0x08002e1f   Thumb Code    26  stm32f1xx_hal_rcc.o(.text)
    HAL_UART_Init                            0x08003005   Thumb Code   114  stm32f1xx_hal_uart.o(.text)
    HAL_HalfDuplex_Init                      0x08003077   Thumb Code   118  stm32f1xx_hal_uart.o(.text)
    HAL_LIN_Init                             0x080030ed   Thumb Code   134  stm32f1xx_hal_uart.o(.text)
    HAL_MultiProcessor_Init                  0x08003173   Thumb Code   138  stm32f1xx_hal_uart.o(.text)
    HAL_UART_DeInit                          0x080031ff   Thumb Code    46  stm32f1xx_hal_uart.o(.text)
    HAL_UART_Transmit                        0x0800329d   Thumb Code   214  stm32f1xx_hal_uart.o(.text)
    HAL_UART_Receive                         0x08003373   Thumb Code   222  stm32f1xx_hal_uart.o(.text)
    HAL_UART_Transmit_IT                     0x08003451   Thumb Code    88  stm32f1xx_hal_uart.o(.text)
    HAL_UART_Receive_IT                      0x080034a9   Thumb Code   112  stm32f1xx_hal_uart.o(.text)
    HAL_UART_ErrorCallback                   0x08003519   Thumb Code     2  stm32f1xx_hal_uart.o(.text)
    HAL_UART_TxHalfCpltCallback              0x0800359f   Thumb Code     2  stm32f1xx_hal_uart.o(.text)
    HAL_UART_TxCpltCallback                  0x080035af   Thumb Code     2  stm32f1xx_hal_uart.o(.text)
    HAL_UART_Transmit_DMA                    0x080035e7   Thumb Code   142  stm32f1xx_hal_uart.o(.text)
    HAL_UART_RxHalfCpltCallback              0x08003675   Thumb Code     2  stm32f1xx_hal_uart.o(.text)
    HAL_UART_RxCpltCallback                  0x08003685   Thumb Code     2  stm32f1xx_hal_uart.o(.text)
    HAL_UART_Receive_DMA                     0x080036cd   Thumb Code   182  stm32f1xx_hal_uart.o(.text)
    HAL_UART_DMAPause                        0x08003783   Thumb Code   124  stm32f1xx_hal_uart.o(.text)
    HAL_UART_DMAResume                       0x080037ff   Thumb Code   126  stm32f1xx_hal_uart.o(.text)
    HAL_UART_DMAStop                         0x0800387d   Thumb Code   102  stm32f1xx_hal_uart.o(.text)
    HAL_UART_Abort                           0x080038e3   Thumb Code   126  stm32f1xx_hal_uart.o(.text)
    HAL_UART_AbortTransmit                   0x08003961   Thumb Code    68  stm32f1xx_hal_uart.o(.text)
    HAL_UART_AbortReceive                    0x080039a5   Thumb Code    80  stm32f1xx_hal_uart.o(.text)
    HAL_UART_AbortCpltCallback               0x080039f5   Thumb Code     2  stm32f1xx_hal_uart.o(.text)
    HAL_UART_Abort_IT                        0x08003a75   Thumb Code   208  stm32f1xx_hal_uart.o(.text)
    HAL_UART_AbortTransmitCpltCallback       0x08003b45   Thumb Code     2  stm32f1xx_hal_uart.o(.text)
    HAL_UART_AbortTransmit_IT                0x08003b5f   Thumb Code   102  stm32f1xx_hal_uart.o(.text)
    HAL_UART_AbortReceiveCpltCallback        0x08003bc5   Thumb Code     2  stm32f1xx_hal_uart.o(.text)
    HAL_UART_AbortReceive_IT                 0x08003bdf   Thumb Code   114  stm32f1xx_hal_uart.o(.text)
    HAL_UART_IRQHandler                      0x08003d93   Thumb Code   348  stm32f1xx_hal_uart.o(.text)
    HAL_LIN_SendBreak                        0x08003eef   Thumb Code    62  stm32f1xx_hal_uart.o(.text)
    HAL_MultiProcessor_EnterMuteMode         0x08003f2d   Thumb Code    62  stm32f1xx_hal_uart.o(.text)
    HAL_MultiProcessor_ExitMuteMode          0x08003f6b   Thumb Code    62  stm32f1xx_hal_uart.o(.text)
    HAL_HalfDuplex_EnableTransmitter         0x08003fa9   Thumb Code    68  stm32f1xx_hal_uart.o(.text)
    HAL_HalfDuplex_EnableReceiver            0x08003fed   Thumb Code    68  stm32f1xx_hal_uart.o(.text)
    HAL_UART_GetState                        0x08004031   Thumb Code    20  stm32f1xx_hal_uart.o(.text)
    HAL_UART_GetError                        0x08004045   Thumb Code     6  stm32f1xx_hal_uart.o(.text)
    HAL_InitTick                             0x0800404f   Thumb Code    36  stm32f1xx_hal.o(.text)
    HAL_Init                                 0x08004073   Thumb Code    34  stm32f1xx_hal.o(.text)
    HAL_MspDeInit                            0x08004095   Thumb Code     2  stm32f1xx_hal.o(.text)
    HAL_DeInit                               0x08004097   Thumb Code    30  stm32f1xx_hal.o(.text)
    HAL_IncTick                              0x080040b5   Thumb Code    12  stm32f1xx_hal.o(.text)
    HAL_GetTick                              0x080040c1   Thumb Code     6  stm32f1xx_hal.o(.text)
    HAL_Delay                                0x080040c7   Thumb Code    30  stm32f1xx_hal.o(.text)
    HAL_SuspendTick                          0x080040e5   Thumb Code    18  stm32f1xx_hal.o(.text)
    HAL_ResumeTick                           0x080040f7   Thumb Code    18  stm32f1xx_hal.o(.text)
    HAL_GetHalVersion                        0x08004109   Thumb Code     4  stm32f1xx_hal.o(.text)
    HAL_GetREVID                             0x0800410d   Thumb Code     8  stm32f1xx_hal.o(.text)
    HAL_GetDEVID                             0x08004115   Thumb Code    10  stm32f1xx_hal.o(.text)
    HAL_DBGMCU_EnableDBGSleepMode            0x0800411f   Thumb Code    14  stm32f1xx_hal.o(.text)
    HAL_DBGMCU_DisableDBGSleepMode           0x0800412d   Thumb Code    14  stm32f1xx_hal.o(.text)
    HAL_DBGMCU_EnableDBGStopMode             0x0800413b   Thumb Code    14  stm32f1xx_hal.o(.text)
    HAL_DBGMCU_DisableDBGStopMode            0x08004149   Thumb Code    14  stm32f1xx_hal.o(.text)
    HAL_DBGMCU_EnableDBGStandbyMode          0x08004157   Thumb Code    14  stm32f1xx_hal.o(.text)
    HAL_DBGMCU_DisableDBGStandbyMode         0x08004165   Thumb Code    14  stm32f1xx_hal.o(.text)
    HAL_GetUID                               0x08004173   Thumb Code    24  stm32f1xx_hal.o(.text)
    Reset_Handler                            0x080041a9   Thumb Code     8  startup_stm32f103xe.o(.text)
    SVC_Handler                              0x080041bb   Thumb Code     2  startup_stm32f103xe.o(.text)
    ADC1_2_IRQHandler                        0x080041c3   Thumb Code     0  startup_stm32f103xe.o(.text)
    ADC3_IRQHandler                          0x080041c3   Thumb Code     0  startup_stm32f103xe.o(.text)
    CAN1_RX1_IRQHandler                      0x080041c3   Thumb Code     0  startup_stm32f103xe.o(.text)
    CAN1_SCE_IRQHandler                      0x080041c3   Thumb Code     0  startup_stm32f103xe.o(.text)
    DMA1_Channel1_IRQHandler                 0x080041c3   Thumb Code     0  startup_stm32f103xe.o(.text)
    DMA1_Channel2_IRQHandler                 0x080041c3   Thumb Code     0  startup_stm32f103xe.o(.text)
    DMA1_Channel3_IRQHandler                 0x080041c3   Thumb Code     0  startup_stm32f103xe.o(.text)
    DMA1_Channel4_IRQHandler                 0x080041c3   Thumb Code     0  startup_stm32f103xe.o(.text)
    DMA1_Channel5_IRQHandler                 0x080041c3   Thumb Code     0  startup_stm32f103xe.o(.text)
    DMA1_Channel6_IRQHandler                 0x080041c3   Thumb Code     0  startup_stm32f103xe.o(.text)
    DMA1_Channel7_IRQHandler                 0x080041c3   Thumb Code     0  startup_stm32f103xe.o(.text)
    DMA2_Channel1_IRQHandler                 0x080041c3   Thumb Code     0  startup_stm32f103xe.o(.text)
    DMA2_Channel2_IRQHandler                 0x080041c3   Thumb Code     0  startup_stm32f103xe.o(.text)
    DMA2_Channel3_IRQHandler                 0x080041c3   Thumb Code     0  startup_stm32f103xe.o(.text)
    DMA2_Channel4_5_IRQHandler               0x080041c3   Thumb Code     0  startup_stm32f103xe.o(.text)
    FLASH_IRQHandler                         0x080041c3   Thumb Code     0  startup_stm32f103xe.o(.text)
    FSMC_IRQHandler                          0x080041c3   Thumb Code     0  startup_stm32f103xe.o(.text)
    I2C1_ER_IRQHandler                       0x080041c3   Thumb Code     0  startup_stm32f103xe.o(.text)
    I2C1_EV_IRQHandler                       0x080041c3   Thumb Code     0  startup_stm32f103xe.o(.text)
    I2C2_ER_IRQHandler                       0x080041c3   Thumb Code     0  startup_stm32f103xe.o(.text)
    I2C2_EV_IRQHandler                       0x080041c3   Thumb Code     0  startup_stm32f103xe.o(.text)
    PVD_IRQHandler                           0x080041c3   Thumb Code     0  startup_stm32f103xe.o(.text)
    RCC_IRQHandler                           0x080041c3   Thumb Code     0  startup_stm32f103xe.o(.text)
    RTC_Alarm_IRQHandler                     0x080041c3   Thumb Code     0  startup_stm32f103xe.o(.text)
    RTC_IRQHandler                           0x080041c3   Thumb Code     0  startup_stm32f103xe.o(.text)
    SDIO_IRQHandler                          0x080041c3   Thumb Code     0  startup_stm32f103xe.o(.text)
    SPI1_IRQHandler                          0x080041c3   Thumb Code     0  startup_stm32f103xe.o(.text)
    SPI2_IRQHandler                          0x080041c3   Thumb Code     0  startup_stm32f103xe.o(.text)
    SPI3_IRQHandler                          0x080041c3   Thumb Code     0  startup_stm32f103xe.o(.text)
    TAMPER_IRQHandler                        0x080041c3   Thumb Code     0  startup_stm32f103xe.o(.text)
    TIM1_BRK_IRQHandler                      0x080041c3   Thumb Code     0  startup_stm32f103xe.o(.text)
    TIM1_CC_IRQHandler                       0x080041c3   Thumb Code     0  startup_stm32f103xe.o(.text)
    TIM1_TRG_COM_IRQHandler                  0x080041c3   Thumb Code     0  startup_stm32f103xe.o(.text)
    TIM1_UP_IRQHandler                       0x080041c3   Thumb Code     0  startup_stm32f103xe.o(.text)
    TIM2_IRQHandler                          0x080041c3   Thumb Code     0  startup_stm32f103xe.o(.text)
    TIM3_IRQHandler                          0x080041c3   Thumb Code     0  startup_stm32f103xe.o(.text)
    TIM4_IRQHandler                          0x080041c3   Thumb Code     0  startup_stm32f103xe.o(.text)
    TIM5_IRQHandler                          0x080041c3   Thumb Code     0  startup_stm32f103xe.o(.text)
    TIM6_IRQHandler                          0x080041c3   Thumb Code     0  startup_stm32f103xe.o(.text)
    TIM7_IRQHandler                          0x080041c3   Thumb Code     0  startup_stm32f103xe.o(.text)
    TIM8_BRK_IRQHandler                      0x080041c3   Thumb Code     0  startup_stm32f103xe.o(.text)
    TIM8_CC_IRQHandler                       0x080041c3   Thumb Code     0  startup_stm32f103xe.o(.text)
    TIM8_TRG_COM_IRQHandler                  0x080041c3   Thumb Code     0  startup_stm32f103xe.o(.text)
    TIM8_UP_IRQHandler                       0x080041c3   Thumb Code     0  startup_stm32f103xe.o(.text)
    UART4_IRQHandler                         0x080041c3   Thumb Code     0  startup_stm32f103xe.o(.text)
    UART5_IRQHandler                         0x080041c3   Thumb Code     0  startup_stm32f103xe.o(.text)
    USART2_IRQHandler                        0x080041c3   Thumb Code     0  startup_stm32f103xe.o(.text)
    USART3_IRQHandler                        0x080041c3   Thumb Code     0  startup_stm32f103xe.o(.text)
    USBWakeUp_IRQHandler                     0x080041c3   Thumb Code     0  startup_stm32f103xe.o(.text)
    USB_HP_CAN1_TX_IRQHandler                0x080041c3   Thumb Code     0  startup_stm32f103xe.o(.text)
    USB_LP_CAN1_RX0_IRQHandler               0x080041c3   Thumb Code     0  startup_stm32f103xe.o(.text)
    WWDG_IRQHandler                          0x080041c3   Thumb Code     0  startup_stm32f103xe.o(.text)
    rt_system_tick_init                      0x080041cd   Thumb Code     2  clock.o(.text)
    rt_tick_get                              0x080041cf   Thumb Code     6  clock.o(.text)
    rt_tick_set                              0x080041d5   Thumb Code    22  clock.o(.text)
    rt_tick_increase                         0x080041eb   Thumb Code    42  clock.o(.text)
    rt_tick_from_millisecond                 0x08004215   Thumb Code    30  clock.o(.text)
    rt_components_board_init                 0x08004249   Thumb Code    20  components.o(.text)
    rt_components_init                       0x0800425d   Thumb Code    20  components.o(.text)
    main_thread_entry                        0x08004271   Thumb Code    14  components.o(.text)
    rt_application_init                      0x0800427f   Thumb Code    48  components.o(.text)
    rtthread_startup                         0x080042af   Thumb Code    46  components.o(.text)
    main                                     0x080042dd   Thumb Code    14  components.o(.text)
    rt_device_find                           0x08004315   Thumb Code    94  device.o(.text)
    rt_device_register                       0x08004373   Thumb Code    52  device.o(.text)
    rt_device_unregister                     0x080043a7   Thumb Code    64  device.o(.text)
    rt_device_init_all                       0x080043e7   Thumb Code     4  device.o(.text)
    rt_device_create                         0x080043eb   Thumb Code    46  device.o(.text)
    rt_device_destroy                        0x08004419   Thumb Code    68  device.o(.text)
    rt_device_init                           0x0800445d   Thumb Code    64  device.o(.text)
    rt_device_open                           0x0800449d   Thumb Code   174  device.o(.text)
    rt_device_close                          0x0800454b   Thumb Code    92  device.o(.text)
    rt_device_read                           0x080045a7   Thumb Code    98  device.o(.text)
    rt_device_write                          0x08004609   Thumb Code    98  device.o(.text)
    rt_device_control                        0x0800466b   Thumb Code    66  device.o(.text)
    rt_device_set_rx_indicate                0x080046ad   Thumb Code    48  device.o(.text)
    rt_device_set_tx_complete                0x080046dd   Thumb Code   360  device.o(.text)
    rt_thread_idle_sethook                   0x08004845   Thumb Code    58  idle.o(.text)
    rt_thread_idle_delhook                   0x0800487f   Thumb Code    62  idle.o(.text)
    rt_thread_idle_excute                    0x080048bd   Thumb Code   178  idle.o(.text)
    rt_thread_idle_init                      0x08004991   Thumb Code    38  idle.o(.text)
    rt_thread_idle_gethandler                0x080049b7   Thumb Code     4  idle.o(.text)
    rt_sem_init                              0x08004ac5   Thumb Code    50  ipc.o(.text)
    rt_sem_detach                            0x08004af7   Thumb Code    72  ipc.o(.text)
    rt_sem_create                            0x08004b3f   Thumb Code    84  ipc.o(.text)
    rt_sem_delete                            0x08004b93   Thumb Code   120  ipc.o(.text)
    rt_sem_take                              0x08004c0b   Thumb Code   288  ipc.o(.text)
    rt_sem_trytake                           0x08004d2b   Thumb Code    14  ipc.o(.text)
    rt_sem_release                           0x08004d39   Thumb Code   116  ipc.o(.text)
    rt_sem_control                           0x08004dad   Thumb Code    90  ipc.o(.text)
    rt_mutex_init                            0x08004e07   Thumb Code    58  ipc.o(.text)
    rt_mutex_detach                          0x08004e41   Thumb Code    78  ipc.o(.text)
    rt_mutex_create                          0x08004e8f   Thumb Code   454  ipc.o(.text)
    rt_mutex_delete                          0x08005055   Thumb Code   126  ipc.o(.text)
    rt_mutex_take                            0x080050d3   Thumb Code   374  ipc.o(.text)
    rt_mutex_release                         0x08005249   Thumb Code   310  ipc.o(.text)
    rt_mutex_control                         0x0800537f   Thumb Code    52  ipc.o(.text)
    rt_event_init                            0x080053b3   Thumb Code    46  ipc.o(.text)
    rt_event_detach                          0x080053e1   Thumb Code    78  ipc.o(.text)
    rt_event_create                          0x0800542f   Thumb Code   276  ipc.o(.text)
    rt_event_delete                          0x08005543   Thumb Code   126  ipc.o(.text)
    rt_event_send                            0x080055c1   Thumb Code   234  ipc.o(.text)
    rt_event_recv                            0x080056ab   Thumb Code   402  ipc.o(.text)
    rt_event_control                         0x0800583d   Thumb Code    92  ipc.o(.text)
    rt_mb_init                               0x08005899   Thumb Code    76  ipc.o(.text)
    rt_mb_detach                             0x080058e5   Thumb Code   216  ipc.o(.text)
    rt_mb_create                             0x080059bd   Thumb Code   128  ipc.o(.text)
    rt_mb_delete                             0x08005a3d   Thumb Code   140  ipc.o(.text)
    rt_mb_send_wait                          0x08005ac9   Thumb Code   400  ipc.o(.text)
    rt_mb_send                               0x08005c59   Thumb Code    18  ipc.o(.text)
    rt_mb_recv                               0x08005c6b   Thumb Code   576  ipc.o(.text)
    rt_mb_control                            0x08005eab   Thumb Code   104  ipc.o(.text)
    rt_mq_init                               0x08005f13   Thumb Code   118  ipc.o(.text)
    rt_mq_detach                             0x08005f89   Thumb Code    78  ipc.o(.text)
    rt_mq_delete                             0x08005fd7   Thumb Code   126  ipc.o(.text)
    rt_mq_create                             0x08006055   Thumb Code   170  ipc.o(.text)
    rt_mq_send                               0x080060ff   Thumb Code   222  ipc.o(.text)
    rt_mq_urgent                             0x080061dd   Thumb Code   426  ipc.o(.text)
    rt_mq_recv                               0x08006387   Thumb Code   458  ipc.o(.text)
    rt_mq_control                            0x08006551   Thumb Code   120  ipc.o(.text)
    rt_interrupt_enter_sethook               0x08006621   Thumb Code     6  irq.o(.text)
    rt_interrupt_leave_sethook               0x08006627   Thumb Code     6  irq.o(.text)
    rt_interrupt_enter                       0x0800662d   Thumb Code    46  irq.o(.text)
    rt_interrupt_leave                       0x0800665b   Thumb Code    46  irq.o(.text)
    rt_interrupt_get_nest                    0x08006689   Thumb Code     6  irq.o(.text)
    rt_get_errno                             0x0800669d   Thumb Code    32  kservice.o(.text)
    rt_set_errno                             0x080066bd   Thumb Code    36  kservice.o(.text)
    _rt_errno                                0x080066e1   Thumb Code    30  kservice.o(.text)
    rt_memset                                0x080066ff   Thumb Code    72  kservice.o(.text)
    rt_memcpy                                0x08006747   Thumb Code   124  kservice.o(.text)
    rt_memmove                               0x080067c3   Thumb Code    66  kservice.o(.text)
    rt_memcmp                                0x08006805   Thumb Code    38  kservice.o(.text)
    rt_strlen                                0x0800682b   Thumb Code    18  kservice.o(.text)
    rt_strstr                                0x0800683d   Thumb Code    58  kservice.o(.text)
    rt_strcasecmp                            0x08006877   Thumb Code    48  kservice.o(.text)
    rt_strncpy                               0x080068a7   Thumb Code    52  kservice.o(.text)
    rt_strncmp                               0x080068db   Thumb Code    40  kservice.o(.text)
    rt_strcmp                                0x08006903   Thumb Code    28  kservice.o(.text)
    rt_strnlen                               0x0800691f   Thumb Code    24  kservice.o(.text)
    rt_strdup                                0x08006937   Thumb Code    40  kservice.o(.text)
    strdup                                   0x08006937   Thumb Code     0  kservice.o(.text)
    rt_hw_console_output                     0x0800695f   Thumb Code     2  kservice.o(.text)
    rt_vsnprintf                             0x08006b17   Thumb Code   800  kservice.o(.text)
    rt_kprintf                               0x08006e37   Thumb Code    96  kservice.o(.text)
    rt_show_version                          0x08006e97   Thumb Code    38  kservice.o(.text)
    rt_snprintf                              0x08006ebd   Thumb Code    38  kservice.o(.text)
    rt_vsprintf                              0x08006ee3   Thumb Code    22  kservice.o(.text)
    rt_sprintf                               0x08006ef9   Thumb Code    34  kservice.o(.text)
    rt_console_get_device                    0x08006f1b   Thumb Code     6  kservice.o(.text)
    rt_console_set_device                    0x08006f21   Thumb Code    48  kservice.o(.text)
    rt_kputs                                 0x08006f51   Thumb Code    78  kservice.o(.text)
    rt_malloc_align                          0x08006f9f   Thumb Code    66  kservice.o(.text)
    rt_free_align                            0x08006fe1   Thumb Code    16  kservice.o(.text)
    __rt_ffs                                 0x08006ff1   Thumb Code    70  kservice.o(.text)
    rt_assert_set_hook                       0x08007037   Thumb Code     6  kservice.o(.text)
    rt_assert_handler                        0x0800703d   Thumb Code    56  kservice.o(.text)
    rt_malloc_sethook                        0x0800714d   Thumb Code     6  mem.o(.text)
    rt_free_sethook                          0x08007153   Thumb Code     6  mem.o(.text)
    rt_system_heap_init                      0x080071f9   Thumb Code   204  mem.o(.text)
    rt_malloc                                0x080072c5   Thumb Code   522  mem.o(.text)
    rt_free                                  0x080074cf   Thumb Code   688  mem.o(.text)
    rt_realloc                               0x0800777f   Thumb Code   324  mem.o(.text)
    rt_calloc                                0x080078c3   Thumb Code    84  mem.o(.text)
    rt_memory_info                           0x08007917   Thumb Code    26  mem.o(.text)
    list_mem                                 0x08007931   Thumb Code    34  mem.o(.text)
    rt_mp_alloc_sethook                      0x08007a41   Thumb Code     6  mempool.o(.text)
    rt_mp_free_sethook                       0x08007a47   Thumb Code     6  mempool.o(.text)
    rt_mp_init                               0x08007a4d   Thumb Code   128  mempool.o(.text)
    rt_mp_detach                             0x08007acd   Thumb Code   114  mempool.o(.text)
    rt_mp_create                             0x08007b3f   Thumb Code   174  mempool.o(.text)
    rt_mp_delete                             0x08007bed   Thumb Code   172  mempool.o(.text)
    rt_mp_alloc                              0x08007c99   Thumb Code   278  mempool.o(.text)
    rt_mp_free                               0x08007daf   Thumb Code    98  mempool.o(.text)
    rt_object_attach_sethook                 0x08007f51   Thumb Code     6  object.o(.text)
    rt_object_detach_sethook                 0x08007f57   Thumb Code     6  object.o(.text)
    rt_object_trytake_sethook                0x08007f5d   Thumb Code     6  object.o(.text)
    rt_object_take_sethook                   0x08007f63   Thumb Code     6  object.o(.text)
    rt_object_put_sethook                    0x08007f69   Thumb Code     6  object.o(.text)
    rt_system_object_init                    0x08007f6f   Thumb Code     2  object.o(.text)
    rt_object_get_information                0x08007f71   Thumb Code    36  object.o(.text)
    rt_object_init                           0x08007f95   Thumb Code    92  object.o(.text)
    rt_object_detach                         0x08007ff1   Thumb Code    62  object.o(.text)
    rt_object_allocate                       0x0800802f   Thumb Code   158  object.o(.text)
    rt_object_delete                         0x080080cd   Thumb Code    88  object.o(.text)
    rt_object_is_systemobject                0x08008125   Thumb Code    34  object.o(.text)
    rt_object_get_type                       0x08008147   Thumb Code    26  object.o(.text)
    rt_object_find                           0x08008161   Thumb Code   142  object.o(.text)
    rt_scheduler_sethook                     0x080082a9   Thumb Code     6  scheduler.o(.text)
    rt_system_scheduler_init                 0x08008309   Thumb Code    56  scheduler.o(.text)
    rt_system_scheduler_start                0x08008341   Thumb Code    36  scheduler.o(.text)
    rt_schedule                              0x08008365   Thumb Code   160  scheduler.o(.text)
    rt_schedule_insert_thread                0x08008405   Thumb Code    90  scheduler.o(.text)
    rt_schedule_remove_thread                0x0800845f   Thumb Code    94  scheduler.o(.text)
    rt_enter_critical                        0x080084bd   Thumb Code    28  scheduler.o(.text)
    rt_exit_critical                         0x080084d9   Thumb Code    54  scheduler.o(.text)
    rt_critical_level                        0x0800850f   Thumb Code     8  scheduler.o(.text)
    rt_thread_handle_sig                     0x080085b3   Thumb Code   156  signal.o(.text)
    rt_thread_alloc_sig                      0x08008721   Thumb Code    62  signal.o(.text)
    rt_signal_install                        0x0800875f   Thumb Code    98  signal.o(.text)
    rt_signal_mask                           0x080087c1   Thumb Code    34  signal.o(.text)
    rt_signal_unmask                         0x080087e3   Thumb Code    56  signal.o(.text)
    rt_signal_wait                           0x0800881b   Thumb Code   346  signal.o(.text)
    rt_thread_free_sig                       0x08008975   Thumb Code    66  signal.o(.text)
    rt_thread_kill                           0x080089b7   Thumb Code   236  signal.o(.text)
    rt_system_signal_init                    0x08008aa3   Thumb Code    38  signal.o(.text)
    rt_timer_timeout_sethook                 0x08008b83   Thumb Code     6  timer.o(.text)
    rt_timer_init                            0x08008c15   Thumb Code    58  timer.o(.text)
    rt_timer_detach                          0x08008c4f   Thumb Code    82  timer.o(.text)
    rt_timer_create                          0x08008ca1   Thumb Code    54  timer.o(.text)
    rt_timer_delete                          0x08008cd7   Thumb Code    88  timer.o(.text)
    rt_timer_start                           0x08008d2f   Thumb Code   314  timer.o(.text)
    rt_timer_stop                            0x08008e69   Thumb Code   102  timer.o(.text)
    rt_timer_control                         0x08008ecf   Thumb Code    98  timer.o(.text)
    rt_timer_check                           0x08008f31   Thumb Code   416  timer.o(.text)
    rt_timer_next_timeout_tick               0x080090d1   Thumb Code    10  timer.o(.text)
    rt_system_timer_init                     0x080090db   Thumb Code    24  timer.o(.text)
    rt_system_timer_thread_init              0x080090f3   Thumb Code     2  timer.o(.text)
    rt_thread_suspend_sethook                0x08009131   Thumb Code     6  thread.o(.text)
    rt_thread_resume_sethook                 0x08009137   Thumb Code     6  thread.o(.text)
    rt_thread_inited_sethook                 0x0800913d   Thumb Code     6  thread.o(.text)
    rt_thread_exit                           0x08009143   Thumb Code    78  thread.o(.text)
    rt_thread_timeout                        0x08009191   Thumb Code    90  thread.o(.text)
    rt_thread_init                           0x08009297   Thumb Code    74  thread.o(.text)
    rt_thread_self                           0x080092e1   Thumb Code     6  thread.o(.text)
    rt_thread_resume                         0x080092e7   Thumb Code   120  thread.o(.text)
    rt_thread_startup                        0x0800935f   Thumb Code   108  thread.o(.text)
    rt_thread_detach                         0x080093cb   Thumb Code   126  thread.o(.text)
    rt_thread_create                         0x08009449   Thumb Code    80  thread.o(.text)
    rt_thread_delete                         0x08009499   Thumb Code   114  thread.o(.text)
    rt_thread_yield                          0x0800950b   Thumb Code   454  thread.o(.text)
    rt_thread_suspend                        0x080096d1   Thumb Code   130  thread.o(.text)
    rt_thread_sleep                          0x08009753   Thumb Code    98  thread.o(.text)
    rt_thread_delay                          0x080097b5   Thumb Code    12  thread.o(.text)
    rt_thread_mdelay                         0x080097c1   Thumb Code    20  thread.o(.text)
    rt_thread_control                        0x080097d5   Thumb Code   154  thread.o(.text)
    rt_thread_find                           0x0800986f   Thumb Code    96  thread.o(.text)
    rt_hw_stack_init                         0x08009909   Thumb Code    70  cpuport.o(.text)
    rt_hw_exception_install                  0x0800994f   Thumb Code     6  cpuport.o(.text)
    rt_hw_hard_fault_exception               0x08009b33   Thumb Code   198  cpuport.o(.text)
    rt_hw_cpu_shutdown                       0x08009bf9   Thumb Code    22  cpuport.o(.text)
    rt_hw_interrupt_disable                  0x08009edd   Thumb Code     8  context_rvds.o(.text)
    rt_hw_interrupt_enable                   0x08009ee5   Thumb Code     6  context_rvds.o(.text)
    rt_hw_context_switch                     0x08009eeb   Thumb Code    32  context_rvds.o(.text)
    rt_hw_context_switch_interrupt           0x08009eeb   Thumb Code     0  context_rvds.o(.text)
    PendSV_Handler                           0x08009f0b   Thumb Code    60  context_rvds.o(.text)
    rt_hw_context_switch_to                  0x08009f47   Thumb Code    58  context_rvds.o(.text)
    rt_hw_interrupt_thread_switch            0x08009f81   Thumb Code     2  context_rvds.o(.text)
    HardFault_Handler                        0x08009f83   Thumb Code    48  context_rvds.o(.text)
    rt_device_pin_register                   0x0800a07d   Thumb Code    56  pin.o(.text)
    rt_pin_attach_irq                        0x0800a0b5   Thumb Code    60  pin.o(.text)
    rt_pin_dettach_irq                       0x0800a0f1   Thumb Code    46  pin.o(.text)
    rt_pin_irq_enable                        0x0800a11f   Thumb Code    50  pin.o(.text)
    rt_pin_mode                              0x0800a151   Thumb Code    38  pin.o(.text)
    rt_pin_write                             0x0800a177   Thumb Code    38  pin.o(.text)
    rt_pin_read                              0x0800a19d   Thumb Code    34  pin.o(.text)
    rt_hw_serial_register                    0x0800a515   Thumb Code    80  serial.o(.text)
    rt_hw_serial_isr                         0x0800a565   Thumb Code   316  serial.o(.text)
    finsh_get_prompt                         0x0800a74d   Thumb Code    38  shell.o(.text)
    finsh_set_device                         0x0800a7d1   Thumb Code   156  shell.o(.text)
    finsh_get_device                         0x0800a86d   Thumb Code    28  shell.o(.text)
    finsh_set_echo                           0x0800a889   Thumb Code    30  shell.o(.text)
    finsh_get_echo                           0x0800a8a7   Thumb Code    32  shell.o(.text)
    finsh_thread_entry                       0x0800a9e9   Thumb Code  1358  shell.o(.text)
    finsh_system_function_init               0x0800af37   Thumb Code    10  shell.o(.text)
    finsh_system_var_init                    0x0800af41   Thumb Code    10  shell.o(.text)
    finsh_system_init                        0x0800af4b   Thumb Code    96  shell.o(.text)
    hello                                    0x0800b01d   Thumb Code    12  cmd.o(.text)
    version                                  0x0800b029   Thumb Code    10  cmd.o(.text)
    list_thread                              0x0800b13b   Thumb Code    18  cmd.o(.text)
    list_sem                                 0x0800b203   Thumb Code    18  cmd.o(.text)
    list_event                               0x0800b297   Thumb Code    18  cmd.o(.text)
    list_mutex                               0x0800b309   Thumb Code    18  cmd.o(.text)
    list_mailbox                             0x0800b3b1   Thumb Code    18  cmd.o(.text)
    list_msgqueue                            0x0800b71b   Thumb Code    18  cmd.o(.text)
    list_memheap                             0x0800b781   Thumb Code    18  cmd.o(.text)
    list_mempool                             0x0800b81d   Thumb Code    18  cmd.o(.text)
    list_timer                               0x0800b8a3   Thumb Code    18  cmd.o(.text)
    list_device                              0x0800b923   Thumb Code    18  cmd.o(.text)
    list                                     0x0800b935   Thumb Code    54  cmd.o(.text)
    msh_is_used                              0x0800bc05   Thumb Code     4  msh.o(.text)
    msh_help                                 0x0800bc09   Thumb Code    66  msh.o(.text)
    msh_exec                                 0x0800bde9   Thumb Code    82  msh.o(.text)
    msh_auto_complete                        0x0800be5b   Thumb Code   138  msh.o(.text)
    cmd_ps                                   0x0800bf6d   Thumb Code    14  msh_cmd.o(.text)
    cmd_time                                 0x0800bf7b   Thumb Code     6  msh_cmd.o(.text)
    cmd_free                                 0x0800bf81   Thumb Code    14  msh_cmd.o(.text)
    thread1_entry                            0x0800bf91   Thumb Code    76  dynmem_sample.o(.text)
    dynmem_sample                            0x0800bfdd   Thumb Code    40  dynmem_sample.o(.text)
    event_sample                             0x0800c0f5   Thumb Code   104  event_sample.o(.text)
    idle_hook_sample                         0x0800c2e1   Thumb Code    52  idlehook_sample.o(.text)
    thread_entry                             0x0800c39d   Thumb Code    52  interrupt_sample.o(.text)
    interrupt_sample                         0x0800c3d1   Thumb Code    74  interrupt_sample.o(.text)
    mailbox_sample                           0x0800c4cb   Thumb Code   112  mailbox_sample.o(.text)
    mempool_sample                           0x0800c659   Thumb Code   122  memp_sample.o(.text)
    msgq_sample                              0x0800c807   Thumb Code   118  msgq_sample.o(.text)
    mutex_sample                             0x0800ca37   Thumb Code   108  mutex_sample.o(.text)
    pri_inversion                            0x0800cc33   Thumb Code   156  priority_inversion.o(.text)
    producer_thread_entry                    0x0800cda9   Thumb Code   120  producer_consumer.o(.text)
    consumer_thread_entry                    0x0800ce21   Thumb Code   156  producer_consumer.o(.text)
    producer_consumer                        0x0800cebd   Thumb Code   162  producer_consumer.o(.text)
    scheduler_hook                           0x0800d0ab   Thumb Code    92  scheduler_hook.o(.text)
    semaphore_sample                         0x0800d1d7   Thumb Code   118  semaphore_sample.o(.text)
    thread1_signal_handler                   0x0800d355   Thumb Code    14  signal_sample.o(.text)
    signal_sample                            0x0800d391   Thumb Code    64  signal_sample.o(.text)
    thread_sample                            0x0800d449   Thumb Code    84  thread_sample.o(.text)
    timer_sample                             0x0800d533   Thumb Code    74  timer_sample.o(.text)
    timeslice_sample                         0x0800d629   Thumb Code    70  timeslice_sample.o(.text)
    __aeabi_memcpy                           0x0800d6b1   Thumb Code    36  memcpya.o(.text)
    __aeabi_memcpy4                          0x0800d6b1   Thumb Code     0  memcpya.o(.text)
    __aeabi_memcpy8                          0x0800d6b1   Thumb Code     0  memcpya.o(.text)
    __aeabi_memset                           0x0800d6d5   Thumb Code    14  memseta.o(.text)
    __aeabi_memset4                          0x0800d6d5   Thumb Code     0  memseta.o(.text)
    __aeabi_memset8                          0x0800d6d5   Thumb Code     0  memseta.o(.text)
    __aeabi_memclr                           0x0800d6e3   Thumb Code     4  memseta.o(.text)
    __aeabi_memclr4                          0x0800d6e3   Thumb Code     0  memseta.o(.text)
    __aeabi_memclr8                          0x0800d6e3   Thumb Code     0  memseta.o(.text)
    _memset$wrapper                          0x0800d6e7   Thumb Code    18  memseta.o(.text)
    strcat                                   0x0800d6f9   Thumb Code    24  strcat.o(.text)
    strlen                                   0x0800d711   Thumb Code    14  strlen.o(.text)
    memcmp                                   0x0800d71f   Thumb Code    26  memcmp.o(.text)
    strcpy                                   0x0800d739   Thumb Code    18  strcpy.o(.text)
    strncmp                                  0x0800d74b   Thumb Code    30  strncmp.o(.text)
    __scatterload                            0x0800d769   Thumb Code    28  init.o(.text)
    __scatterload_rt2                        0x0800d769   Thumb Code     0  init.o(.text)
    __decompress                             0x0800d78d   Thumb Code     0  __dczerorl2.o(.text)
    __decompress1                            0x0800d78d   Thumb Code    86  __dczerorl2.o(.text)
    __scatterload_copy                       0x0800d7e3   Thumb Code    14  handlers.o(i.__scatterload_copy)
    __scatterload_null                       0x0800d7f1   Thumb Code     2  handlers.o(i.__scatterload_null)
    __scatterload_zeroinit                   0x0800d7f3   Thumb Code    14  handlers.o(i.__scatterload_zeroinit)
    AHBPrescTable                            0x0800e1eb   Data          16  system_stm32f1xx.o(.constdata)
    APBPrescTable                            0x0800e1fb   Data           8  system_stm32f1xx.o(.constdata)
    __lowest_bit_bitmap                      0x0800e4ed   Data         256  kservice.o(.constdata)
    __fsym___cmd_main_name                   0x0800eef1   Data          11  main.o(.rodata.name)
    __fsym___cmd_main_desc                   0x0800eefc   Data          12  main.o(.rodata.name)
    __fsym_list_mem_name                     0x0800ef08   Data           9  mem.o(.rodata.name)
    __fsym_list_mem_desc                     0x0800ef11   Data          30  mem.o(.rodata.name)
    __fsym_pinMode_name                      0x0800ef2f   Data           8  pin.o(.rodata.name)
    __fsym_pinMode_desc                      0x0800ef37   Data          22  pin.o(.rodata.name)
    __fsym_pinWrite_name                     0x0800ef4d   Data           9  pin.o(.rodata.name)
    __fsym_pinWrite_desc                     0x0800ef56   Data          28  pin.o(.rodata.name)
    __fsym_pinRead_name                      0x0800ef72   Data           8  pin.o(.rodata.name)
    __fsym_pinRead_desc                      0x0800ef7a   Data          30  pin.o(.rodata.name)
    __fsym_hello_name                        0x0800ef98   Data           6  cmd.o(.rodata.name)
    __fsym_hello_desc                        0x0800ef9e   Data          16  cmd.o(.rodata.name)
    __fsym_version_name                      0x0800efae   Data           8  cmd.o(.rodata.name)
    __fsym_version_desc                      0x0800efb6   Data          35  cmd.o(.rodata.name)
    __fsym___cmd_version_name                0x0800efd9   Data          14  cmd.o(.rodata.name)
    __fsym___cmd_version_desc                0x0800efe7   Data          35  cmd.o(.rodata.name)
    __fsym_list_thread_name                  0x0800f00a   Data          12  cmd.o(.rodata.name)
    __fsym_list_thread_desc                  0x0800f016   Data          12  cmd.o(.rodata.name)
    __fsym___cmd_list_thread_name            0x0800f022   Data          18  cmd.o(.rodata.name)
    __fsym___cmd_list_thread_desc            0x0800f034   Data          12  cmd.o(.rodata.name)
    __fsym_list_sem_name                     0x0800f040   Data           9  cmd.o(.rodata.name)
    __fsym_list_sem_desc                     0x0800f049   Data          25  cmd.o(.rodata.name)
    __fsym___cmd_list_sem_name               0x0800f062   Data          15  cmd.o(.rodata.name)
    __fsym___cmd_list_sem_desc               0x0800f071   Data          25  cmd.o(.rodata.name)
    __fsym_list_event_name                   0x0800f08a   Data          11  cmd.o(.rodata.name)
    __fsym_list_event_desc                   0x0800f095   Data          21  cmd.o(.rodata.name)
    __fsym___cmd_list_event_name             0x0800f0aa   Data          17  cmd.o(.rodata.name)
    __fsym___cmd_list_event_desc             0x0800f0bb   Data          21  cmd.o(.rodata.name)
    __fsym_list_mutex_name                   0x0800f0d0   Data          11  cmd.o(.rodata.name)
    __fsym_list_mutex_desc                   0x0800f0db   Data          21  cmd.o(.rodata.name)
    __fsym___cmd_list_mutex_name             0x0800f0f0   Data          17  cmd.o(.rodata.name)
    __fsym___cmd_list_mutex_desc             0x0800f101   Data          21  cmd.o(.rodata.name)
    __fsym_list_mailbox_name                 0x0800f116   Data          13  cmd.o(.rodata.name)
    __fsym_list_mailbox_desc                 0x0800f123   Data          24  cmd.o(.rodata.name)
    __fsym___cmd_list_mailbox_name           0x0800f13b   Data          19  cmd.o(.rodata.name)
    __fsym___cmd_list_mailbox_desc           0x0800f14e   Data          24  cmd.o(.rodata.name)
    __fsym_list_msgqueue_name                0x0800f166   Data          14  cmd.o(.rodata.name)
    __fsym_list_msgqueue_desc                0x0800f174   Data          29  cmd.o(.rodata.name)
    __fsym___cmd_list_msgqueue_name          0x0800f191   Data          20  cmd.o(.rodata.name)
    __fsym___cmd_list_msgqueue_desc          0x0800f1a5   Data          29  cmd.o(.rodata.name)
    __fsym_list_memheap_name                 0x0800f1c2   Data          13  cmd.o(.rodata.name)
    __fsym_list_memheap_desc                 0x0800f1cf   Data          27  cmd.o(.rodata.name)
    __fsym___cmd_list_memheap_name           0x0800f1ea   Data          19  cmd.o(.rodata.name)
    __fsym___cmd_list_memheap_desc           0x0800f1fd   Data          27  cmd.o(.rodata.name)
    __fsym_list_mempool_name                 0x0800f218   Data          13  cmd.o(.rodata.name)
    __fsym_list_mempool_desc                 0x0800f225   Data          27  cmd.o(.rodata.name)
    __fsym___cmd_list_mempool_name           0x0800f240   Data          19  cmd.o(.rodata.name)
    __fsym___cmd_list_mempool_desc           0x0800f253   Data          27  cmd.o(.rodata.name)
    __fsym_list_timer_name                   0x0800f26e   Data          11  cmd.o(.rodata.name)
    __fsym_list_timer_desc                   0x0800f279   Data          21  cmd.o(.rodata.name)
    __fsym___cmd_list_timer_name             0x0800f28e   Data          17  cmd.o(.rodata.name)
    __fsym___cmd_list_timer_desc             0x0800f29f   Data          21  cmd.o(.rodata.name)
    __fsym_list_device_name                  0x0800f2b4   Data          12  cmd.o(.rodata.name)
    __fsym_list_device_desc                  0x0800f2c0   Data          22  cmd.o(.rodata.name)
    __fsym___cmd_list_device_name            0x0800f2d6   Data          18  cmd.o(.rodata.name)
    __fsym___cmd_list_device_desc            0x0800f2e8   Data          22  cmd.o(.rodata.name)
    __fsym_list_name                         0x0800f2fe   Data           5  cmd.o(.rodata.name)
    __fsym_list_desc                         0x0800f303   Data          26  cmd.o(.rodata.name)
    __fsym___cmd_help_name                   0x0800f31d   Data          11  msh.o(.rodata.name)
    __fsym___cmd_help_desc                   0x0800f328   Data          22  msh.o(.rodata.name)
    __fsym___cmd_ps_name                     0x0800f33e   Data           9  msh_cmd.o(.rodata.name)
    __fsym___cmd_ps_desc                     0x0800f347   Data          28  msh_cmd.o(.rodata.name)
    __fsym___cmd_time_name                   0x0800f363   Data          11  msh_cmd.o(.rodata.name)
    __fsym___cmd_time_desc                   0x0800f36e   Data          27  msh_cmd.o(.rodata.name)
    __fsym___cmd_free_name                   0x0800f389   Data          11  msh_cmd.o(.rodata.name)
    __fsym___cmd_free_desc                   0x0800f394   Data          37  msh_cmd.o(.rodata.name)
    __fsym___cmd_dynmem_sample_name          0x0800f3b9   Data          20  dynmem_sample.o(.rodata.name)
    __fsym___cmd_dynmem_sample_desc          0x0800f3cd   Data          14  dynmem_sample.o(.rodata.name)
    __fsym___cmd_event_sample_name           0x0800f3db   Data          19  event_sample.o(.rodata.name)
    __fsym___cmd_event_sample_desc           0x0800f3ee   Data          13  event_sample.o(.rodata.name)
    __fsym___cmd_idle_hook_sample_name       0x0800f3fb   Data          23  idlehook_sample.o(.rodata.name)
    __fsym___cmd_idle_hook_sample_desc       0x0800f412   Data          17  idlehook_sample.o(.rodata.name)
    __fsym___cmd_interrupt_sample_name       0x0800f423   Data          23  interrupt_sample.o(.rodata.name)
    __fsym___cmd_interrupt_sample_desc       0x0800f43a   Data          17  interrupt_sample.o(.rodata.name)
    __fsym___cmd_mailbox_sample_name         0x0800f44b   Data          21  mailbox_sample.o(.rodata.name)
    __fsym___cmd_mailbox_sample_desc         0x0800f460   Data          15  mailbox_sample.o(.rodata.name)
    __fsym___cmd_mempool_sample_name         0x0800f46f   Data          21  memp_sample.o(.rodata.name)
    __fsym___cmd_mempool_sample_desc         0x0800f484   Data          15  memp_sample.o(.rodata.name)
    __fsym___cmd_msgq_sample_name            0x0800f493   Data          18  msgq_sample.o(.rodata.name)
    __fsym___cmd_msgq_sample_desc            0x0800f4a5   Data          12  msgq_sample.o(.rodata.name)
    __fsym___cmd_mutex_sample_name           0x0800f4b1   Data          19  mutex_sample.o(.rodata.name)
    __fsym___cmd_mutex_sample_desc           0x0800f4c4   Data          13  mutex_sample.o(.rodata.name)
    __fsym___cmd_pri_inversion_name          0x0800f4d1   Data          20  priority_inversion.o(.rodata.name)
    __fsym___cmd_pri_inversion_desc          0x0800f4e5   Data          21  priority_inversion.o(.rodata.name)
    __fsym___cmd_producer_consumer_name      0x0800f4fa   Data          24  producer_consumer.o(.rodata.name)
    __fsym___cmd_producer_consumer_desc      0x0800f512   Data          25  producer_consumer.o(.rodata.name)
    __fsym___cmd_scheduler_hook_name         0x0800f52b   Data          21  scheduler_hook.o(.rodata.name)
    __fsym___cmd_scheduler_hook_desc         0x0800f540   Data          22  scheduler_hook.o(.rodata.name)
    __fsym___cmd_semaphore_sample_name       0x0800f556   Data          23  semaphore_sample.o(.rodata.name)
    __fsym___cmd_semaphore_sample_desc       0x0800f56d   Data          17  semaphore_sample.o(.rodata.name)
    __fsym___cmd_signal_sample_name          0x0800f57e   Data          20  signal_sample.o(.rodata.name)
    __fsym___cmd_signal_sample_desc          0x0800f592   Data          14  signal_sample.o(.rodata.name)
    __fsym___cmd_thread_sample_name          0x0800f5a0   Data          20  thread_sample.o(.rodata.name)
    __fsym___cmd_thread_sample_desc          0x0800f5b4   Data          14  thread_sample.o(.rodata.name)
    __fsym___cmd_timer_sample_name           0x0800f5c2   Data          19  timer_sample.o(.rodata.name)
    __fsym___cmd_timer_sample_desc           0x0800f5d5   Data          13  timer_sample.o(.rodata.name)
    __fsym___cmd_timeslice_sample_name       0x0800f5e2   Data          23  timeslice_sample.o(.rodata.name)
    __fsym___cmd_timeslice_sample_desc       0x0800f5f9   Data          17  timeslice_sample.o(.rodata.name)
    __rt_init_rti_start                      0x0800f60c   Data           4  components.o(.rti_fn.0)
    __rt_init_rti_board_start                0x0800f610   Data           4  components.o(.rti_fn.0.end)
    __rt_init_rt_hw_pin_init                 0x0800f614   Data           4  drv_gpio.o(.rti_fn.1)
    __rt_init_rt_hw_usart_init               0x0800f618   Data           4  drv_usart.o(.rti_fn.1)
    __rt_init_rti_board_end                  0x0800f61c   Data           4  components.o(.rti_fn.1.end)
    __rt_init_finsh_system_init              0x0800f620   Data           4  shell.o(.rti_fn.6)
    __rt_init_rti_end                        0x0800f624   Data           4  components.o(.rti_fn.6.end)
    FSymTab$$Base                            0x0800f628   Number         0  main.o(FSymTab)
    __fsym___cmd_main                        0x0800f628   Data          12  main.o(FSymTab)
    __fsym_list_mem                          0x0800f634   Data          12  mem.o(FSymTab)
    __fsym_pinMode                           0x0800f640   Data          12  pin.o(FSymTab)
    __fsym_pinWrite                          0x0800f64c   Data          12  pin.o(FSymTab)
    __fsym_pinRead                           0x0800f658   Data          12  pin.o(FSymTab)
    __fsym_hello                             0x0800f664   Data          12  cmd.o(FSymTab)
    __fsym_version                           0x0800f670   Data          12  cmd.o(FSymTab)
    __fsym___cmd_version                     0x0800f67c   Data          12  cmd.o(FSymTab)
    __fsym_list_thread                       0x0800f688   Data          12  cmd.o(FSymTab)
    __fsym___cmd_list_thread                 0x0800f694   Data          12  cmd.o(FSymTab)
    __fsym_list_sem                          0x0800f6a0   Data          12  cmd.o(FSymTab)
    __fsym___cmd_list_sem                    0x0800f6ac   Data          12  cmd.o(FSymTab)
    __fsym_list_event                        0x0800f6b8   Data          12  cmd.o(FSymTab)
    __fsym___cmd_list_event                  0x0800f6c4   Data          12  cmd.o(FSymTab)
    __fsym_list_mutex                        0x0800f6d0   Data          12  cmd.o(FSymTab)
    __fsym___cmd_list_mutex                  0x0800f6dc   Data          12  cmd.o(FSymTab)
    __fsym_list_mailbox                      0x0800f6e8   Data          12  cmd.o(FSymTab)
    __fsym___cmd_list_mailbox                0x0800f6f4   Data          12  cmd.o(FSymTab)
    __fsym_list_msgqueue                     0x0800f700   Data          12  cmd.o(FSymTab)
    __fsym___cmd_list_msgqueue               0x0800f70c   Data          12  cmd.o(FSymTab)
    __fsym_list_memheap                      0x0800f718   Data          12  cmd.o(FSymTab)
    __fsym___cmd_list_memheap                0x0800f724   Data          12  cmd.o(FSymTab)
    __fsym_list_mempool                      0x0800f730   Data          12  cmd.o(FSymTab)
    __fsym___cmd_list_mempool                0x0800f73c   Data          12  cmd.o(FSymTab)
    __fsym_list_timer                        0x0800f748   Data          12  cmd.o(FSymTab)
    __fsym___cmd_list_timer                  0x0800f754   Data          12  cmd.o(FSymTab)
    __fsym_list_device                       0x0800f760   Data          12  cmd.o(FSymTab)
    __fsym___cmd_list_device                 0x0800f76c   Data          12  cmd.o(FSymTab)
    __fsym_list                              0x0800f778   Data          12  cmd.o(FSymTab)
    __fsym___cmd_help                        0x0800f784   Data          12  msh.o(FSymTab)
    __fsym___cmd_ps                          0x0800f790   Data          12  msh_cmd.o(FSymTab)
    __fsym___cmd_time                        0x0800f79c   Data          12  msh_cmd.o(FSymTab)
    __fsym___cmd_free                        0x0800f7a8   Data          12  msh_cmd.o(FSymTab)
    __fsym___cmd_dynmem_sample               0x0800f7b4   Data          12  dynmem_sample.o(FSymTab)
    __fsym___cmd_event_sample                0x0800f7c0   Data          12  event_sample.o(FSymTab)
    __fsym___cmd_idle_hook_sample            0x0800f7cc   Data          12  idlehook_sample.o(FSymTab)
    __fsym___cmd_interrupt_sample            0x0800f7d8   Data          12  interrupt_sample.o(FSymTab)
    __fsym___cmd_mailbox_sample              0x0800f7e4   Data          12  mailbox_sample.o(FSymTab)
    __fsym___cmd_mempool_sample              0x0800f7f0   Data          12  memp_sample.o(FSymTab)
    __fsym___cmd_msgq_sample                 0x0800f7fc   Data          12  msgq_sample.o(FSymTab)
    __fsym___cmd_mutex_sample                0x0800f808   Data          12  mutex_sample.o(FSymTab)
    __fsym___cmd_pri_inversion               0x0800f814   Data          12  priority_inversion.o(FSymTab)
    __fsym___cmd_producer_consumer           0x0800f820   Data          12  producer_consumer.o(FSymTab)
    __fsym___cmd_scheduler_hook              0x0800f82c   Data          12  scheduler_hook.o(FSymTab)
    __fsym___cmd_semaphore_sample            0x0800f838   Data          12  semaphore_sample.o(FSymTab)
    __fsym___cmd_signal_sample               0x0800f844   Data          12  signal_sample.o(FSymTab)
    __fsym___cmd_thread_sample               0x0800f850   Data          12  thread_sample.o(FSymTab)
    __fsym___cmd_timer_sample                0x0800f85c   Data          12  timer_sample.o(FSymTab)
    __fsym___cmd_timeslice_sample            0x0800f868   Data          12  timeslice_sample.o(FSymTab)
    FSymTab$$Limit                           0x0800f874   Number         0  timeslice_sample.o(FSymTab)
    Region$$Table$$Base                      0x0800f874   Number         0  anon$$obj.o(Region$$Table)
    Region$$Table$$Limit                     0x0800f894   Number         0  anon$$obj.o(Region$$Table)
    pin_irq_hdr_tab                          0x20000004   Data         192  drv_gpio.o(.data)
    uart1                                    0x200000c4   Data          68  drv_usart.o(.data)
    SystemCoreClock                          0x20000108   Data           4  system_stm32f1xx.o(.data)
    uwTick                                   0x2000010c   Data           4  stm32f1xx_hal.o(.data)
    rt_interrupt_nest                        0x2000011c   Data           1  irq.o(.data)
    rt_assert_hook                           0x20000128   Data           4  kservice.o(.data)
    rt_object_trytake_hook                   0x200001fc   Data           4  object.o(.data)
    rt_object_take_hook                      0x20000200   Data           4  object.o(.data)
    rt_object_put_hook                       0x20000204   Data           4  object.o(.data)
    rt_current_thread                        0x2000020c   Data           4  scheduler.o(.data)
    rt_current_priority                      0x20000210   Data           1  scheduler.o(.data)
    rt_thread_ready_priority_group           0x20000214   Data           4  scheduler.o(.data)
    rt_thread_defunct                        0x20000218   Data           8  scheduler.o(.data)
    rt_interrupt_from_thread                 0x20000244   Data           4  cpuport.o(.data)
    rt_interrupt_to_thread                   0x20000248   Data           4  cpuport.o(.data)
    rt_thread_switch_interrupt_flag          0x2000024c   Data           4  cpuport.o(.data)
    shell                                    0x20000254   Data           4  shell.o(.data)
    _syscall_table_begin                     0x20000258   Data           4  symbol.o(.data)
    _syscall_table_end                       0x2000025c   Data           4  symbol.o(.data)
    _sysvar_table_begin                      0x20000260   Data           4  symbol.o(.data)
    _sysvar_table_end                        0x20000264   Data           4  symbol.o(.data)
    count                                    0x200002cc   Data           8  scheduler_hook.o(.data)
    serial1                                  0x20000794   Data          84  drv_usart.o(.bss)
    rt_thread_priority_table                 0x20000a2c   Data         256  scheduler.o(.bss)
    array                                    0x20004a98   Data          20  producer_consumer.o(.bss)
    sem_lock                                 0x20004aac   Data          32  producer_consumer.o(.bss)
    sem_empty                                0x20004acc   Data          32  producer_consumer.o(.bss)
    sem_full                                 0x20004aec   Data          32  producer_consumer.o(.bss)
    Image$$RW_IRAM1$$ZI$$Limit               0x20005cc8   Number         0  anon$$obj.o ABSOLUTE
    __initial_sp                             0x20005cc8   Data           0  startup_stm32f103xe.o(STACK)



==============================================================================

Memory Map of the image

  Image Entry point : 0x08000131

  Load Region LR_IROM1 (Base: 0x08000000, Size: 0x0000fb94, Max: 0x000c0000, ABSOLUTE, COMPRESSED[0x0000f928])

    Execution Region ER_IROM1 (Exec base: 0x08000000, Load base: 0x08000000, Size: 0x0000f894, Max: 0x000c0000, ABSOLUTE)

    Exec Addr    Load Addr    Size         Type   Attr      Idx    E Section Name        Object

    0x08000000   0x08000000   0x00000130   Data   RO         1253    RESET               startup_stm32f103xe.o
    0x08000130   0x08000130   0x00000000   Code   RO         1977  * .ARM.Collect$$$$00000000  mc_w.l(entry.o)
    0x08000130   0x08000130   0x00000004   Code   RO         1998    .ARM.Collect$$$$00000001  mc_w.l(entry2.o)
    0x08000134   0x08000134   0x00000004   Code   RO         2001    .ARM.Collect$$$$00000004  mc_w.l(entry5.o)
    0x08000138   0x08000138   0x00000000   Code   RO         2003    .ARM.Collect$$$$00000008  mc_w.l(entry7b.o)
    0x08000138   0x08000138   0x00000000   Code   RO         2005    .ARM.Collect$$$$0000000A  mc_w.l(entry8b.o)
    0x08000138   0x08000138   0x00000008   Code   RO         2006    .ARM.Collect$$$$0000000B  mc_w.l(entry9a.o)
    0x08000140   0x08000140   0x00000000   Code   RO         2008    .ARM.Collect$$$$0000000D  mc_w.l(entry10a.o)
    0x08000140   0x08000140   0x00000000   Code   RO         2010    .ARM.Collect$$$$0000000F  mc_w.l(entry11a.o)
    0x08000140   0x08000140   0x00000004   Code   RO         1999    .ARM.Collect$$$$00002712  mc_w.l(entry2.o)
    0x08000144   0x08000144   0x000000e8   Code   RO            1    .text               main.o
    0x0800022c   0x0800022c   0x00000190   Code   RO          113    .text               board.o
    0x080003bc   0x080003bc   0x00000010   Code   RO          225    .text               stm32f1xx_it.o
    0x080003cc   0x080003cc   0x0000057c   Code   RO          252    .text               drv_gpio.o
    0x08000948   0x08000948   0x000004cc   Code   RO          281    .text               drv_usart.o
    0x08000e14   0x08000e14   0x000000f4   Code   RO          318    .text               system_stm32f1xx.o
    0x08000f08   0x08000f08   0x000004e8   Code   RO          385    .text               stm32f1xx_hal_gpio.o
    0x080013f0   0x080013f0   0x00000ee4   Code   RO          485    .text               stm32f1xx_hal_dma.o
    0x080022d4   0x080022d4   0x000002c4   Code   RO          509    .text               stm32f1xx_hal_cortex.o
    0x08002598   0x08002598   0x000008a8   Code   RO          633    .text               stm32f1xx_hal_rcc.o
    0x08002e40   0x08002e40   0x0000120a   Code   RO          819    .text               stm32f1xx_hal_uart.o
    0x0800404a   0x0800404a   0x00000002   PAD
    0x0800404c   0x0800404c   0x0000015c   Code   RO          885    .text               stm32f1xx_hal.o
    0x080041a8   0x080041a8   0x00000024   Code   RO         1254    .text               startup_stm32f103xe.o
    0x080041cc   0x080041cc   0x0000006c   Code   RO         1258    .text               clock.o
    0x08004238   0x08004238   0x000000dc   Code   RO         1272    .text               components.o
    0x08004314   0x08004314   0x00000530   Code   RO         1291    .text               device.o
    0x08004844   0x08004844   0x000001d4   Code   RO         1304    .text               idle.o
    0x08004a18   0x08004a18   0x00001c08   Code   RO         1323    .text               ipc.o
    0x08006620   0x08006620   0x0000007c   Code   RO         1341    .text               irq.o
    0x0800669c   0x0800669c   0x00000ab0   Code   RO         1356    .text               kservice.o
    0x0800714c   0x0800714c   0x000008f4   Code   RO         1376    .text               mem.o
    0x08007a40   0x08007a40   0x000004f0   Code   RO         1422    .text               mempool.o
    0x08007f30   0x08007f30   0x00000378   Code   RO         1440    .text               object.o
    0x080082a8   0x080082a8   0x00000308   Code   RO         1459    .text               scheduler.o
    0x080085b0   0x080085b0   0x000005c4   Code   RO         1480    .text               signal.o
    0x08008b74   0x08008b74   0x0000059c   Code   RO         1510    .text               timer.o
    0x08009110   0x08009110   0x000007f8   Code   RO         1529    .text               thread.o
    0x08009908   0x08009908   0x000005d4   Code   RO         1549    .text               cpuport.o
    0x08009edc   0x08009edc   0x000000f0   Code   RO         1565    .text               context_rvds.o
    0x08009fcc   0x08009fcc   0x00000250   Code   RO         1569    .text               pin.o
    0x0800a21c   0x0800a21c   0x00000530   Code   RO         1587    .text               serial.o
    0x0800a74c   0x0800a74c   0x000008bc   Code   RO         1600    .text               shell.o
    0x0800b008   0x0800b008   0x00000bfc   Code   RO         1641    .text               cmd.o
    0x0800bc04   0x0800bc04   0x00000368   Code   RO         1662    .text               msh.o
    0x0800bf6c   0x0800bf6c   0x00000022   Code   RO         1679    .text               msh_cmd.o
    0x0800bf8e   0x0800bf8e   0x00000002   PAD
    0x0800bf90   0x0800bf90   0x000000d0   Code   RO         1701    .text               dynmem_sample.o
    0x0800c060   0x0800c060   0x00000204   Code   RO         1717    .text               event_sample.o
    0x0800c264   0x0800c264   0x00000138   Code   RO         1734    .text               idlehook_sample.o
    0x0800c39c   0x0800c39c   0x000000b8   Code   RO         1751    .text               interrupt_sample.o
    0x0800c454   0x0800c454   0x00000194   Code   RO         1768    .text               mailbox_sample.o
    0x0800c5e8   0x0800c5e8   0x00000160   Code   RO         1786    .text               memp_sample.o
    0x0800c748   0x0800c748   0x0000025c   Code   RO         1804    .text               msgq_sample.o
    0x0800c9a4   0x0800c9a4   0x000001b0   Code   RO         1821    .text               mutex_sample.o
    0x0800cb54   0x0800cb54   0x00000254   Code   RO         1839    .text               priority_inversion.o
    0x0800cda8   0x0800cda8   0x000002d8   Code   RO         1856    .text               producer_consumer.o
    0x0800d080   0x0800d080   0x000000d8   Code   RO         1874    .text               scheduler_hook.o
    0x0800d158   0x0800d158   0x000001fc   Code   RO         1891    .text               semaphore_sample.o
    0x0800d354   0x0800d354   0x000000bc   Code   RO         1909    .text               signal_sample.o
    0x0800d410   0x0800d410   0x000000e8   Code   RO         1926    .text               thread_sample.o
    0x0800d4f8   0x0800d4f8   0x00000104   Code   RO         1944    .text               timer_sample.o
    0x0800d5fc   0x0800d5fc   0x000000b4   Code   RO         1961    .text               timeslice_sample.o
    0x0800d6b0   0x0800d6b0   0x00000024   Code   RO         1982    .text               mc_w.l(memcpya.o)
    0x0800d6d4   0x0800d6d4   0x00000024   Code   RO         1984    .text               mc_w.l(memseta.o)
    0x0800d6f8   0x0800d6f8   0x00000018   Code   RO         1986    .text               mc_w.l(strcat.o)
    0x0800d710   0x0800d710   0x0000000e   Code   RO         1988    .text               mc_w.l(strlen.o)
    0x0800d71e   0x0800d71e   0x0000001a   Code   RO         1990    .text               mc_w.l(memcmp.o)
    0x0800d738   0x0800d738   0x00000012   Code   RO         1992    .text               mc_w.l(strcpy.o)
    0x0800d74a   0x0800d74a   0x0000001e   Code   RO         1994    .text               mc_w.l(strncmp.o)
    0x0800d768   0x0800d768   0x00000024   Code   RO         2012    .text               mc_w.l(init.o)
    0x0800d78c   0x0800d78c   0x00000056   Code   RO         2022    .text               mc_w.l(__dczerorl2.o)
    0x0800d7e2   0x0800d7e2   0x0000000e   Code   RO         2016    i.__scatterload_copy  mc_w.l(handlers.o)
    0x0800d7f0   0x0800d7f0   0x00000002   Code   RO         2017    i.__scatterload_null  mc_w.l(handlers.o)
    0x0800d7f2   0x0800d7f2   0x0000000e   Code   RO         2018    i.__scatterload_zeroinit  mc_w.l(handlers.o)
    0x0800d800   0x0800d800   0x00000013   Data   RO          114    .constdata          board.o
    0x0800d813   0x0800d813   0x00000001   PAD
    0x0800d814   0x0800d814   0x00000968   Data   RO          253    .constdata          drv_gpio.o
    0x0800e17c   0x0800e17c   0x0000006f   Data   RO          283    .constdata          drv_usart.o
    0x0800e1eb   0x0800e1eb   0x00000018   Data   RO          319    .constdata          system_stm32f1xx.o
    0x0800e203   0x0800e203   0x00000014   Data   RO         1273    .constdata          components.o
    0x0800e217   0x0800e217   0x000000c9   Data   RO         1292    .constdata          device.o
    0x0800e2e0   0x0800e2e0   0x00000016   Data   RO         1306    .constdata          idle.o
    0x0800e2f6   0x0800e2f6   0x000001f7   Data   RO         1324    .constdata          ipc.o
    0x0800e4ed   0x0800e4ed   0x00000122   Data   RO         1358    .constdata          kservice.o
    0x0800e60f   0x0800e60f   0x00000046   Data   RO         1378    .constdata          mem.o
    0x0800e655   0x0800e655   0x0000003e   Data   RO         1423    .constdata          mempool.o
    0x0800e693   0x0800e693   0x00000080   Data   RO         1441    .constdata          object.o
    0x0800e713   0x0800e713   0x0000004e   Data   RO         1461    .constdata          scheduler.o
    0x0800e761   0x0800e761   0x00000048   Data   RO         1481    .constdata          signal.o
    0x0800e7a9   0x0800e7a9   0x0000005c   Data   RO         1511    .constdata          timer.o
    0x0800e805   0x0800e805   0x000000b9   Data   RO         1530    .constdata          thread.o
    0x0800e8be   0x0800e8be   0x00000013   Data   RO         1550    .constdata          cpuport.o
    0x0800e8d1   0x0800e8d1   0x0000007e   Data   RO         1571    .constdata          pin.o
    0x0800e94f   0x0800e94f   0x000000b5   Data   RO         1588    .constdata          serial.o
    0x0800ea04   0x0800ea04   0x0000005b   Data   RO         1602    .constdata          shell.o
    0x0800ea5f   0x0800ea5f   0x00000001   PAD
    0x0800ea60   0x0800ea60   0x00000050   Data   RO         1642    .constdata          cmd.o
    0x0800eab0   0x0800eab0   0x0000000e   Data   RO         1663    .constdata          msh.o
    0x0800eabe   0x0800eabe   0x00000002   PAD
    0x0800eac0   0x0800eac0   0x00000043   Data   RO          115    .conststring        board.o
    0x0800eb03   0x0800eb03   0x00000001   PAD
    0x0800eb04   0x0800eb04   0x0000015a   Data   RO         1325    .conststring        ipc.o
    0x0800ec5e   0x0800ec5e   0x00000002   PAD
    0x0800ec60   0x0800ec60   0x000000ed   Data   RO         1379    .conststring        mem.o
    0x0800ed4d   0x0800ed4d   0x00000003   PAD
    0x0800ed50   0x0800ed50   0x00000042   Data   RO         1531    .conststring        thread.o
    0x0800ed92   0x0800ed92   0x00000002   PAD
    0x0800ed94   0x0800ed94   0x0000015d   Data   RO         1643    .conststring        cmd.o
    0x0800eef1   0x0800eef1   0x00000017   Data   RO            4    .rodata.name        main.o
    0x0800ef08   0x0800ef08   0x00000027   Data   RO         1381    .rodata.name        mem.o
    0x0800ef2f   0x0800ef2f   0x00000069   Data   RO         1572    .rodata.name        pin.o
    0x0800ef98   0x0800ef98   0x00000385   Data   RO         1644    .rodata.name        cmd.o
    0x0800f31d   0x0800f31d   0x00000021   Data   RO         1664    .rodata.name        msh.o
    0x0800f33e   0x0800f33e   0x0000007b   Data   RO         1680    .rodata.name        msh_cmd.o
    0x0800f3b9   0x0800f3b9   0x00000022   Data   RO         1702    .rodata.name        dynmem_sample.o
    0x0800f3db   0x0800f3db   0x00000020   Data   RO         1719    .rodata.name        event_sample.o
    0x0800f3fb   0x0800f3fb   0x00000028   Data   RO         1736    .rodata.name        idlehook_sample.o
    0x0800f423   0x0800f423   0x00000028   Data   RO         1753    .rodata.name        interrupt_sample.o
    0x0800f44b   0x0800f44b   0x00000024   Data   RO         1771    .rodata.name        mailbox_sample.o
    0x0800f46f   0x0800f46f   0x00000024   Data   RO         1789    .rodata.name        memp_sample.o
    0x0800f493   0x0800f493   0x0000001e   Data   RO         1806    .rodata.name        msgq_sample.o
    0x0800f4b1   0x0800f4b1   0x00000020   Data   RO         1824    .rodata.name        mutex_sample.o
    0x0800f4d1   0x0800f4d1   0x00000029   Data   RO         1841    .rodata.name        priority_inversion.o
    0x0800f4fa   0x0800f4fa   0x00000031   Data   RO         1859    .rodata.name        producer_consumer.o
    0x0800f52b   0x0800f52b   0x0000002b   Data   RO         1876    .rodata.name        scheduler_hook.o
    0x0800f556   0x0800f556   0x00000028   Data   RO         1894    .rodata.name        semaphore_sample.o
    0x0800f57e   0x0800f57e   0x00000022   Data   RO         1911    .rodata.name        signal_sample.o
    0x0800f5a0   0x0800f5a0   0x00000022   Data   RO         1929    .rodata.name        thread_sample.o
    0x0800f5c2   0x0800f5c2   0x00000020   Data   RO         1946    .rodata.name        timer_sample.o
    0x0800f5e2   0x0800f5e2   0x00000028   Data   RO         1962    .rodata.name        timeslice_sample.o
    0x0800f60a   0x0800f60a   0x00000002   PAD
    0x0800f60c   0x0800f60c   0x00000004   Data   RO         1274    .rti_fn.0           components.o
    0x0800f610   0x0800f610   0x00000004   Data   RO         1275    .rti_fn.0.end       components.o
    0x0800f614   0x0800f614   0x00000004   Data   RO          255    .rti_fn.1           drv_gpio.o
    0x0800f618   0x0800f618   0x00000004   Data   RO          285    .rti_fn.1           drv_usart.o
    0x0800f61c   0x0800f61c   0x00000004   Data   RO         1276    .rti_fn.1.end       components.o
    0x0800f620   0x0800f620   0x00000004   Data   RO         1604    .rti_fn.6           shell.o
    0x0800f624   0x0800f624   0x00000004   Data   RO         1277    .rti_fn.6.end       components.o
    0x0800f628   0x0800f628   0x0000000c   Data   RO            5    FSymTab             main.o
    0x0800f634   0x0800f634   0x0000000c   Data   RO         1382    FSymTab             mem.o
    0x0800f640   0x0800f640   0x00000024   Data   RO         1573    FSymTab             pin.o
    0x0800f664   0x0800f664   0x00000120   Data   RO         1645    FSymTab             cmd.o
    0x0800f784   0x0800f784   0x0000000c   Data   RO         1665    FSymTab             msh.o
    0x0800f790   0x0800f790   0x00000024   Data   RO         1681    FSymTab             msh_cmd.o
    0x0800f7b4   0x0800f7b4   0x0000000c   Data   RO         1703    FSymTab             dynmem_sample.o
    0x0800f7c0   0x0800f7c0   0x0000000c   Data   RO         1720    FSymTab             event_sample.o
    0x0800f7cc   0x0800f7cc   0x0000000c   Data   RO         1737    FSymTab             idlehook_sample.o
    0x0800f7d8   0x0800f7d8   0x0000000c   Data   RO         1754    FSymTab             interrupt_sample.o
    0x0800f7e4   0x0800f7e4   0x0000000c   Data   RO         1772    FSymTab             mailbox_sample.o
    0x0800f7f0   0x0800f7f0   0x0000000c   Data   RO         1790    FSymTab             memp_sample.o
    0x0800f7fc   0x0800f7fc   0x0000000c   Data   RO         1807    FSymTab             msgq_sample.o
    0x0800f808   0x0800f808   0x0000000c   Data   RO         1825    FSymTab             mutex_sample.o
    0x0800f814   0x0800f814   0x0000000c   Data   RO         1842    FSymTab             priority_inversion.o
    0x0800f820   0x0800f820   0x0000000c   Data   RO         1860    FSymTab             producer_consumer.o
    0x0800f82c   0x0800f82c   0x0000000c   Data   RO         1877    FSymTab             scheduler_hook.o
    0x0800f838   0x0800f838   0x0000000c   Data   RO         1895    FSymTab             semaphore_sample.o
    0x0800f844   0x0800f844   0x0000000c   Data   RO         1912    FSymTab             signal_sample.o
    0x0800f850   0x0800f850   0x0000000c   Data   RO         1930    FSymTab             thread_sample.o
    0x0800f85c   0x0800f85c   0x0000000c   Data   RO         1947    FSymTab             timer_sample.o
    0x0800f868   0x0800f868   0x0000000c   Data   RO         1963    FSymTab             timeslice_sample.o
    0x0800f874   0x0800f874   0x00000020   Data   RO         2014    Region$$Table       anon$$obj.o


    Execution Region RW_IRAM1 (Exec base: 0x20000000, Load base: 0x0800f894, Size: 0x00005cc8, Max: 0x00018000, ABSOLUTE, COMPRESSED[0x00000094])

    Exec Addr    Load Addr    Size         Type   Attr      Idx    E Section Name        Object

    0x20000000   COMPRESSED   0x00000004   Data   RW            3    .data               main.o
    0x20000004   COMPRESSED   0x000000c0   Data   RW          254    .data               drv_gpio.o
    0x200000c4   COMPRESSED   0x00000044   Data   RW          284    .data               drv_usart.o
    0x20000108   COMPRESSED   0x00000004   Data   RW          320    .data               system_stm32f1xx.o
    0x2000010c   COMPRESSED   0x00000004   Data   RW          886    .data               stm32f1xx_hal.o
    0x20000110   COMPRESSED   0x00000004   Data   RW         1259    .data               clock.o
    0x20000114   COMPRESSED   0x00000009   Data   RW         1342    .data               irq.o
    0x2000011d   COMPRESSED   0x00000003   PAD
    0x20000120   COMPRESSED   0x0000000c   Data   RW         1359    .data               kservice.o
    0x2000012c   COMPRESSED   0x00000020   Data   RW         1380    .data               mem.o
    0x2000014c   COMPRESSED   0x00000008   Data   RW         1424    .data               mempool.o
    0x20000154   COMPRESSED   0x000000b4   Data   RW         1442    .data               object.o
    0x20000208   COMPRESSED   0x0000001c   Data   RW         1462    .data               scheduler.o
    0x20000224   COMPRESSED   0x00000004   Data   RW         1482    .data               signal.o
    0x20000228   COMPRESSED   0x00000010   Data   RW         1512    .data               timer.o
    0x20000238   COMPRESSED   0x0000000c   Data   RW         1532    .data               thread.o
    0x20000244   COMPRESSED   0x00000010   Data   RW         1551    .data               cpuport.o
    0x20000254   COMPRESSED   0x00000004   Data   RW         1603    .data               shell.o
    0x20000258   COMPRESSED   0x00000010   Data   RW         1625    .data               symbol.o
    0x20000268   COMPRESSED   0x00000008   Data   RW         1735    .data               idlehook_sample.o
    0x20000270   COMPRESSED   0x00000004   Data   RW         1752    .data               interrupt_sample.o
    0x20000274   COMPRESSED   0x00000027   Data   RW         1770    .data               mailbox_sample.o
    0x2000029b   COMPRESSED   0x00000001   PAD
    0x2000029c   COMPRESSED   0x00000008   Data   RW         1788    .data               memp_sample.o
    0x200002a4   COMPRESSED   0x00000006   Data   RW         1823    .data               mutex_sample.o
    0x200002aa   COMPRESSED   0x00000002   PAD
    0x200002ac   COMPRESSED   0x00000010   Data   RW         1840    .data               priority_inversion.o
    0x200002bc   COMPRESSED   0x00000010   Data   RW         1858    .data               producer_consumer.o
    0x200002cc   COMPRESSED   0x00000010   Data   RW         1875    .data               scheduler_hook.o
    0x200002dc   COMPRESSED   0x0000000d   Data   RW         1893    .data               semaphore_sample.o
    0x200002e9   COMPRESSED   0x00000003   PAD
    0x200002ec   COMPRESSED   0x00000004   Data   RW         1910    .data               signal_sample.o
    0x200002f0   COMPRESSED   0x00000004   Data   RW         1928    .data               thread_sample.o
    0x200002f4   COMPRESSED   0x0000000c   Data   RW         1945    .data               timer_sample.o
    0x20000300        -       0x00000494   Zero   RW            2    .bss                main.o
    0x20000794        -       0x00000054   Zero   RW          282    .bss                drv_usart.o
    0x200007e8        -       0x000001a4   Zero   RW         1305    .bss                idle.o
    0x2000098c        -       0x00000080   Zero   RW         1357    .bss                kservice.o
    0x20000a0c        -       0x00000020   Zero   RW         1377    .bss                mem.o
    0x20000a2c        -       0x00000100   Zero   RW         1460    .bss                scheduler.o
    0x20000b2c        -       0x00000044   Zero   RW         1570    .bss                pin.o
    0x20000b70        -       0x00000081   Zero   RW         1601    .bss                shell.o
    0x20000bf1   COMPRESSED   0x00000003   PAD
    0x20000bf4        -       0x00000948   Zero   RW         1718    .bss                event_sample.o
    0x2000153c        -       0x000009d8   Zero   RW         1769    .bss                mailbox_sample.o
    0x20001f14        -       0x00001100   Zero   RW         1787    .bss                memp_sample.o
    0x20003014        -       0x0000115c   Zero   RW         1805    .bss                msgq_sample.o
    0x20004170        -       0x00000928   Zero   RW         1822    .bss                mutex_sample.o
    0x20004a98        -       0x00000074   Zero   RW         1857    .bss                producer_consumer.o
    0x20004b0c        -       0x00000928   Zero   RW         1892    .bss                semaphore_sample.o
    0x20005434        -       0x00000494   Zero   RW         1927    .bss                thread_sample.o
    0x200058c8        -       0x00000400   Zero   RW         1251    STACK               startup_stm32f103xe.o


==============================================================================

Image component sizes


      Code (inc. data)   RO Data    RW Data    ZI Data      Debug   Object Name

       400         80         86          0          0     445254   board.o
       108          6          0          4          0       1360   clock.o
      3068       1334       1618          0          0      14811   cmd.o
       220         42         36          0          0       2530   components.o
       240         26          0          0          0        744   context_rvds.o
      1492        718         19         16          0       3815   cpuport.o
      1328        312        201          0          0       5594   device.o
      1404         44       2412        192          0       7426   drv_gpio.o
      1228        178        115         68         84      26259   drv_usart.o
       208         92         46          0          0       1563   dynmem_sample.o
       516        264         44          0       2376       1933   event_sample.o
       468         78         22          0        420       5232   idle.o
       312        136         52          8          0       1733   idlehook_sample.o
       184         58         52          4          0       1622   interrupt_sample.o
      7176       1040        849          0          0      22171   ipc.o
       124         14          0          9          0       1764   irq.o
      2736        228        290         12        128      12148   kservice.o
       404        174         48         39       2520       2085   mailbox_sample.o
       232         92         35          4       1172      24143   main.o
      2292        644        358         32         32       5363   mem.o
       352        118         48          8       4352       1865   memp_sample.o
      1264        264         62          8          0       6874   mempool.o
       604        296         42          0       4444       2021   msgq_sample.o
       872        136         59          0          0       4184   msh.o
        34          0        159          0          0       2167   msh_cmd.o
       432        178         44          6       2344       1865   mutex_sample.o
       888        186        128        180          0       8091   object.o
       592         94        267          0         68       4963   pin.o
       596        218         53         16          0       2085   priority_inversion.o
       728        290         61         16        116       2191   producer_consumer.o
       776        148         78         28        256       6409   scheduler.o
       216         82         55         16          0       1775   scheduler_hook.o
       508        264         52         13       2344       1981   semaphore_sample.o
      1328        148        181          0          0       5833   serial.o
      2236        222         95          4        129       5777   shell.o
      1476        172         72          4          0       8084   signal.o
       188         64         46          4          0       1696   signal_sample.o
        36          8        304          0       1024        860   startup_stm32f103xe.o
       348         30          0          4          0       4003   stm32f1xx_hal.o
       708         22          0          0          0      27214   stm32f1xx_hal_cortex.o
      3812         40          0          0          0       6589   stm32f1xx_hal_dma.o
      1256         42          0          0          0       3859   stm32f1xx_hal_gpio.o
      2216         94          0          0          0       5231   stm32f1xx_hal_rcc.o
      4618         46          0          0          0      15832   stm32f1xx_hal_uart.o
        16          0          0          0          0        797   stm32f1xx_it.o
         0          0          0         16          0       4973   symbol.o
       244         32         24          4          0       1625   system_stm32f1xx.o
      2040        416        251         12          0      10422   thread.o
       232         92         46          4       1172       1741   thread_sample.o
      1436        268         92         16          0       8531   timer.o
       260        128         44         12          0       1601   timer_sample.o
       180         66         52          0          0       1585   timeslice_sample.o

    ----------------------------------------------------------------------
     54636       9724       8644        768      22984     750274   Object Totals
         0          0         32          0          0          0   (incl. Generated)
         4          0         14          9          3          0   (incl. Padding)

    ----------------------------------------------------------------------

      Code (inc. data)   RO Data    RW Data    ZI Data      Debug   Library Member Name

        86          0          0          0          0          0   __dczerorl2.o
         0          0          0          0          0          0   entry.o
         0          0          0          0          0          0   entry10a.o
         0          0          0          0          0          0   entry11a.o
         8          4          0          0          0          0   entry2.o
         4          0          0          0          0          0   entry5.o
         0          0          0          0          0          0   entry7b.o
         0          0          0          0          0          0   entry8b.o
         8          4          0          0          0          0   entry9a.o
        30          0          0          0          0          0   handlers.o
        36          8          0          0          0         68   init.o
        26          0          0          0          0         80   memcmp.o
        36          0          0          0          0         68   memcpya.o
        36          0          0          0          0        108   memseta.o
        24          0          0          0          0         68   strcat.o
        18          0          0          0          0         68   strcpy.o
        14          0          0          0          0         68   strlen.o
        30          0          0          0          0         80   strncmp.o

    ----------------------------------------------------------------------
       356         16          0          0          0        608   Library Totals
         0          0          0          0          0          0   (incl. Padding)

    ----------------------------------------------------------------------

      Code (inc. data)   RO Data    RW Data    ZI Data      Debug   Library Name

       356         16          0          0          0        608   mc_w.l

    ----------------------------------------------------------------------
       356         16          0          0          0        608   Library Totals

    ----------------------------------------------------------------------

==============================================================================


      Code (inc. data)   RO Data    RW Data    ZI Data      Debug   

     54992       9740       8644        768      22984     746538   Grand Totals
     54992       9740       8644        148      22984     746538   ELF Image Totals (compressed)
     54992       9740       8644        148          0          0   ROM Totals

==============================================================================

    Total RO  Size (Code + RO Data)                63636 (  62.14kB)
    Total RW  Size (RW Data + ZI Data)             23752 (  23.20kB)
    Total ROM Size (Code + RO Data + RW Data)      63784 (  62.29kB)

==============================================================================

