Component: ARM Compiler 5.06 update 6 (build 750) Tool: armlink [4d35ed]

==============================================================================

Section Cross References

    main.o(.text) refers to kservice.o(.text) for rt_kprintf
    main.o(.text) refers to thread.o(.text) for rt_thread_create
    main.o(FSymTab) refers to main.o(.rodata.name) for __fsym___cmd_timeslice_sample_name
    main.o(FSymTab) refers to main.o(.text) for timeslice_sample
    board.o(.text) refers to stm32f1xx_hal_cortex.o(.text) for HAL_NVIC_SetPriorityGrouping
    board.o(.text) refers to stm32f1xx_hal_rcc.o(.text) for HAL_RCC_OscConfig
    board.o(.text) refers to kservice.o(.text) for rt_assert_handler
    board.o(.text) refers to irq.o(.text) for rt_interrupt_enter
    board.o(.text) refers to stm32f1xx_hal.o(.text) for HAL_IncTick
    board.o(.text) refers to clock.o(.text) for rt_tick_increase
    board.o(.text) refers to mem.o(.text) for rt_system_heap_init
    board.o(.text) refers to components_1.o(.text) for rt_components_board_init
    board.o(.text) refers to board.o(.constdata) for __FUNCTION__
    board.o(.text) refers to board.o(.conststring) for .conststring
    drv_gpio.o(.text) refers to stm32f1xx_hal_gpio.o(.text) for HAL_GPIO_WritePin
    drv_gpio.o(.text) refers to context_rvds.o(.text) for rt_hw_interrupt_disable
    drv_gpio.o(.text) refers to stm32f1xx_hal_cortex.o(.text) for HAL_NVIC_SetPriority
    drv_gpio.o(.text) refers to drv_gpio.o(.constdata) for pins
    drv_gpio.o(.text) refers to drv_gpio.o(.data) for pin_irq_hdr_tab
    drv_gpio.o(.text) refers to pin.o(.text) for rt_device_pin_register
    drv_gpio.o(.text) refers to irq.o(.text) for rt_interrupt_enter
    drv_gpio.o(.constdata) refers to drv_gpio.o(.text) for GPIOE_CLK_ENABLE
    drv_gpio.o(.rti_fn.1) refers to drv_gpio.o(.text) for rt_hw_pin_init
    drv_usart.o(.text) refers to kservice.o(.text) for rt_assert_handler
    drv_usart.o(.text) refers to stm32f1xx_hal_uart.o(.text) for HAL_UART_Init
    drv_usart.o(.text) refers to serial.o(.text) for rt_hw_serial_isr
    drv_usart.o(.text) refers to irq.o(.text) for rt_interrupt_enter
    drv_usart.o(.text) refers to stm32f1xx_hal_gpio.o(.text) for HAL_GPIO_Init
    drv_usart.o(.text) refers to stm32f1xx_hal_cortex.o(.text) for HAL_NVIC_SetPriority
    drv_usart.o(.text) refers to drv_usart.o(.constdata) for __FUNCTION__
    drv_usart.o(.text) refers to drv_usart.o(.bss) for serial1
    drv_usart.o(.text) refers to drv_usart.o(.data) for uart1
    drv_usart.o(.constdata) refers to drv_usart.o(.text) for stm32_configure
    drv_usart.o(.rti_fn.1) refers to drv_usart.o(.text) for rt_hw_usart_init
    system_stm32f1xx.o(.text) refers to system_stm32f1xx.o(.data) for SystemCoreClock
    system_stm32f1xx.o(.text) refers to system_stm32f1xx.o(.constdata) for AHBPrescTable
    stm32f1xx_hal_gpio.o(.text) refers to drv_gpio.o(.text) for HAL_GPIO_EXTI_Callback
    stm32f1xx_hal_flash.o(.text) refers to stm32f1xx_hal.o(.text) for HAL_GetTick
    stm32f1xx_hal_flash.o(.text) refers to llushr.o(.text) for __aeabi_llsr
    stm32f1xx_hal_flash.o(.text) refers to stm32f1xx_hal_flash_ex.o(.text) for FLASH_PageErase
    stm32f1xx_hal_flash.o(.text) refers to stm32f1xx_hal_flash.o(.bss) for pFlash
    stm32f1xx_hal_flash.o(.text) refers to stm32f1xx_hal_cortex.o(.text) for HAL_NVIC_SystemReset
    stm32f1xx_hal_flash_ex.o(.text) refers to stm32f1xx_hal_flash.o(.text) for FLASH_WaitForLastOperation
    stm32f1xx_hal_flash_ex.o(.text) refers to stm32f1xx_hal_flash.o(.bss) for pFlash
    stm32f1xx_hal_dma.o(.text) refers to stm32f1xx_hal.o(.text) for HAL_GetTick
    stm32f1xx_hal_rcc.o(.text) refers to stm32f1xx_hal.o(.text) for HAL_GetTick
    stm32f1xx_hal_rcc.o(.text) refers to system_stm32f1xx.o(.data) for SystemCoreClock
    stm32f1xx_hal_rcc.o(.text) refers to stm32f1xx_hal_gpio.o(.text) for HAL_GPIO_Init
    stm32f1xx_hal_rcc.o(.text) refers to system_stm32f1xx.o(.constdata) for AHBPrescTable
    stm32f1xx_hal_rcc_ex.o(.text) refers to stm32f1xx_hal.o(.text) for HAL_GetTick
    stm32f1xx_hal_rcc_ex.o(.text) refers to stm32f1xx_hal_rcc.o(.text) for HAL_RCC_GetSysClockFreq
    stm32f1xx_hal_tim.o(.text) refers to stm32f1xx_hal_dma.o(.text) for HAL_DMA_Start_IT
    stm32f1xx_hal_tim.o(.text) refers to stm32f1xx_hal_tim_ex.o(.text) for HAL_TIMEx_BreakCallback
    stm32f1xx_hal_tim_ex.o(.text) refers to stm32f1xx_hal_tim.o(.text) for TIM_Base_SetConfig
    stm32f1xx_hal_tim_ex.o(.text) refers to stm32f1xx_hal_dma.o(.text) for HAL_DMA_Start_IT
    stm32f1xx_hal_uart.o(.text) refers to stm32f1xx_hal_rcc.o(.text) for HAL_RCC_GetPCLK2Freq
    stm32f1xx_hal_uart.o(.text) refers to drv_usart.o(.text) for HAL_UART_MspInit
    stm32f1xx_hal_uart.o(.text) refers to stm32f1xx_hal.o(.text) for HAL_GetTick
    stm32f1xx_hal_uart.o(.text) refers to stm32f1xx_hal_dma.o(.text) for HAL_DMA_Start_IT
    stm32f1xx_hal_usart.o(.text) refers to stm32f1xx_hal_rcc.o(.text) for HAL_RCC_GetPCLK2Freq
    stm32f1xx_hal_usart.o(.text) refers to stm32f1xx_hal.o(.text) for HAL_GetTick
    stm32f1xx_hal_usart.o(.text) refers to stm32f1xx_hal_dma.o(.text) for HAL_DMA_Start_IT
    stm32f1xx_hal.o(.text) refers to stm32f1xx_hal_cortex.o(.text) for HAL_SYSTICK_Config
    stm32f1xx_hal.o(.text) refers to board.o(.text) for HAL_MspInit
    stm32f1xx_hal.o(.text) refers to system_stm32f1xx.o(.data) for SystemCoreClock
    stm32f1xx_hal.o(.text) refers to stm32f1xx_hal.o(.data) for uwTick
    stm32f1xx_ll_utils.o(.text) refers to system_stm32f1xx.o(.data) for SystemCoreClock
    stm32f1xx_ll_utils.o(.text) refers to system_stm32f1xx.o(.constdata) for AHBPrescTable
    startup_stm32f103xe.o(RESET) refers to startup_stm32f103xe.o(STACK) for __initial_sp
    startup_stm32f103xe.o(RESET) refers to startup_stm32f103xe.o(.text) for Reset_Handler
    startup_stm32f103xe.o(RESET) refers to stm32f1xx_it.o(.text) for NMI_Handler
    startup_stm32f103xe.o(RESET) refers to context_rvds.o(.text) for HardFault_Handler
    startup_stm32f103xe.o(RESET) refers to board.o(.text) for SysTick_Handler
    startup_stm32f103xe.o(RESET) refers to drv_gpio.o(.text) for EXTI0_IRQHandler
    startup_stm32f103xe.o(RESET) refers to drv_usart.o(.text) for USART1_IRQHandler
    startup_stm32f103xe.o(.text) refers to system_stm32f1xx.o(.text) for SystemInit
    startup_stm32f103xe.o(.text) refers to entry.o(.ARM.Collect$$$$00000000) for __main
    clock.o(.text) refers to context_rvds.o(.text) for rt_hw_interrupt_disable
    clock.o(.text) refers to thread.o(.text) for rt_thread_self
    clock.o(.text) refers to timer.o(.text) for rt_timer_check
    clock.o(.text) refers to clock.o(.data) for rt_tick
    components_1.o(.text) refers to thread.o(.text) for rt_thread_create
    components_1.o(.text) refers to kservice.o(.text) for rt_assert_handler
    components_1.o(.text) refers to context_rvds.o(.text) for rt_hw_interrupt_disable
    components_1.o(.text) refers to board.o(.text) for rt_hw_board_init
    components_1.o(.text) refers to timer.o(.text) for rt_system_timer_init
    components_1.o(.text) refers to scheduler.o(.text) for rt_system_scheduler_init
    components_1.o(.text) refers to signal.o(.text) for rt_system_signal_init
    components_1.o(.text) refers to idle.o(.text) for rt_thread_idle_init
    components_1.o(.text) refers to components_1.o(.rti_fn.0.end) for __rt_init_rti_board_start
    components_1.o(.text) refers to components_1.o(.rti_fn.1.end) for __rt_init_rti_board_end
    components_1.o(.text) refers to components_1.o(.rti_fn.6.end) for __rt_init_rti_end
    components_1.o(.text) refers to components_1.o(.constdata) for __FUNCTION__
    components_1.o(.rti_fn.0) refers to components_1.o(.text) for rti_start
    components_1.o(.rti_fn.0.end) refers to components_1.o(.text) for rti_board_start
    components_1.o(.rti_fn.1.end) refers to components_1.o(.text) for rti_board_end
    components_1.o(.rti_fn.6.end) refers to components_1.o(.text) for rti_end
    device.o(.text) refers to thread.o(.text) for rt_thread_self
    device.o(.text) refers to scheduler.o(.text) for rt_enter_critical
    device.o(.text) refers to object.o(.text) for rt_object_get_information
    device.o(.text) refers to kservice.o(.text) for rt_assert_handler
    device.o(.text) refers to mem.o(.text) for rt_malloc
    device.o(.text) refers to device.o(.constdata) for __FUNCTION__
    idle.o(.text) refers to context_rvds.o(.text) for rt_hw_interrupt_disable
    idle.o(.text) refers to irq.o(.text) for rt_interrupt_get_nest
    idle.o(.text) refers to kservice.o(.text) for rt_kprintf
    idle.o(.text) refers to scheduler.o(.text) for rt_enter_critical
    idle.o(.text) refers to signal.o(.text) for rt_thread_free_sig
    idle.o(.text) refers to object.o(.text) for rt_object_is_systemobject
    idle.o(.text) refers to mem.o(.text) for rt_free
    idle.o(.text) refers to thread.o(.text) for rt_thread_init
    idle.o(.text) refers to idle.o(.bss) for idle_hook_list
    idle.o(.text) refers to idle.o(.constdata) for __FUNCTION__
    idle.o(.text) refers to scheduler.o(.data) for rt_thread_defunct
    ipc.o(.text) refers to thread.o(.text) for rt_thread_suspend
    ipc.o(.text) refers to context_rvds.o(.text) for rt_hw_interrupt_disable
    ipc.o(.text) refers to kservice.o(.text) for rt_assert_handler
    ipc.o(.text) refers to object.o(.text) for rt_object_init
    ipc.o(.text) refers to irq.o(.text) for rt_interrupt_get_nest
    ipc.o(.text) refers to timer.o(.text) for rt_timer_control
    ipc.o(.text) refers to scheduler.o(.text) for rt_schedule
    ipc.o(.text) refers to ipc.o(.constdata) for __FUNCTION__
    ipc.o(.text) refers to ipc.o(.conststring) for .conststring
    ipc.o(.text) refers to object.o(.data) for rt_object_trytake_hook
    ipc.o(.text) refers to mem.o(.text) for rt_malloc
    ipc.o(.text) refers to clock.o(.text) for rt_tick_get
    irq.o(.text) refers to context_rvds.o(.text) for rt_hw_interrupt_disable
    irq.o(.text) refers to irq.o(.data) for rt_interrupt_enter_hook
    kservice.o(.text) refers to irq.o(.text) for rt_interrupt_get_nest
    kservice.o(.text) refers to thread.o(.text) for rt_thread_self
    kservice.o(.text) refers to mem.o(.text) for rt_malloc
    kservice.o(.text) refers to kservice.o(.data) for __rt_errno
    kservice.o(.text) refers to kservice.o(.constdata) for large_digits
    kservice.o(.text) refers to device.o(.text) for rt_device_write
    kservice.o(.text) refers to kservice.o(.bss) for rt_log_buf
    mem.o(.text) refers to kservice.o(.text) for rt_assert_handler
    mem.o(.text) refers to context_rvds.o(.text) for rt_hw_interrupt_disable
    mem.o(.text) refers to irq.o(.text) for rt_interrupt_get_nest
    mem.o(.text) refers to ipc.o(.text) for rt_sem_init
    mem.o(.text) refers to mem.o(.data) for rt_malloc_hook
    mem.o(.text) refers to mem.o(.constdata) for __FUNCTION__
    mem.o(.text) refers to mem.o(.bss) for heap_sem
    mem.o(.text) refers to mem.o(.conststring) for .conststring
    mem.o(FSymTab) refers to mem.o(.rodata.name) for __fsym_list_mem_name
    mem.o(FSymTab) refers to mem.o(.text) for list_mem
    memheap.o(.text) refers to kservice.o(.text) for rt_assert_handler
    memheap.o(.text) refers to object.o(.text) for rt_object_init
    memheap.o(.text) refers to ipc.o(.text) for rt_sem_init
    memheap.o(.text) refers to memheap.o(.constdata) for __FUNCTION__
    mempool.o(.text) refers to kservice.o(.text) for rt_assert_handler
    mempool.o(.text) refers to object.o(.text) for rt_object_init
    mempool.o(.text) refers to context_rvds.o(.text) for rt_hw_interrupt_disable
    mempool.o(.text) refers to thread.o(.text) for rt_thread_resume
    mempool.o(.text) refers to irq.o(.text) for rt_interrupt_get_nest
    mempool.o(.text) refers to mem.o(.text) for rt_malloc
    mempool.o(.text) refers to clock.o(.text) for rt_tick_get
    mempool.o(.text) refers to timer.o(.text) for rt_timer_control
    mempool.o(.text) refers to scheduler.o(.text) for rt_schedule
    mempool.o(.text) refers to mempool.o(.data) for rt_mp_alloc_hook
    mempool.o(.text) refers to mempool.o(.constdata) for __FUNCTION__
    object.o(.text) refers to kservice.o(.text) for rt_assert_handler
    object.o(.text) refers to context_rvds.o(.text) for rt_hw_interrupt_disable
    object.o(.text) refers to irq.o(.text) for rt_interrupt_get_nest
    object.o(.text) refers to mem.o(.text) for rt_malloc
    object.o(.text) refers to scheduler.o(.text) for rt_enter_critical
    object.o(.text) refers to object.o(.data) for rt_object_attach_hook
    object.o(.text) refers to object.o(.constdata) for __FUNCTION__
    scheduler.o(.text) refers to kservice.o(.text) for rt_assert_handler
    scheduler.o(.text) refers to cmd.o(.text) for list_thread
    scheduler.o(.text) refers to context_rvds.o(.text) for rt_hw_interrupt_disable
    scheduler.o(.text) refers to signal.o(.text) for rt_thread_handle_sig
    scheduler.o(.text) refers to scheduler.o(.data) for rt_scheduler_hook
    scheduler.o(.text) refers to scheduler.o(.constdata) for __FUNCTION__
    scheduler.o(.text) refers to scheduler.o(.bss) for rt_thread_priority_table
    scheduler.o(.text) refers to irq.o(.data) for rt_interrupt_nest
    signal.o(.text) refers to thread.o(.text) for rt_thread_self
    signal.o(.text) refers to context_rvds.o(.text) for rt_hw_interrupt_disable
    signal.o(.text) refers to mempool.o(.text) for rt_mp_free
    signal.o(.text) refers to scheduler.o(.text) for rt_schedule
    signal.o(.text) refers to cpuport.o(.text) for rt_hw_stack_init
    signal.o(.text) refers to mem.o(.text) for rt_malloc
    signal.o(.text) refers to kservice.o(.text) for rt_assert_handler
    signal.o(.text) refers to irq.o(.text) for rt_interrupt_get_nest
    signal.o(.text) refers to timer.o(.text) for rt_timer_control
    signal.o(.text) refers to signal.o(.constdata) for __FUNCTION__
    signal.o(.text) refers to signal.o(.data) for _rt_siginfo_pool
    timer.o(.text) refers to kservice.o(.text) for rt_assert_handler
    timer.o(.text) refers to object.o(.text) for rt_object_init
    timer.o(.text) refers to context_rvds.o(.text) for rt_hw_interrupt_disable
    timer.o(.text) refers to clock.o(.text) for rt_tick_get
    timer.o(.text) refers to timer.o(.data) for rt_timer_timeout_hook
    timer.o(.text) refers to timer.o(.constdata) for __FUNCTION__
    timer.o(.text) refers to object.o(.data) for rt_object_take_hook
    thread.o(.text) refers to context_rvds.o(.text) for rt_hw_interrupt_disable
    thread.o(.text) refers to scheduler.o(.text) for rt_schedule_remove_thread
    thread.o(.text) refers to timer.o(.text) for rt_timer_detach
    thread.o(.text) refers to object.o(.text) for rt_object_is_systemobject
    thread.o(.text) refers to kservice.o(.text) for rt_assert_handler
    thread.o(.text) refers to cpuport.o(.text) for rt_hw_stack_init
    thread.o(.text) refers to mem.o(.text) for rt_malloc
    thread.o(.text) refers to thread.o(.data) for rt_thread_suspend_hook
    thread.o(.text) refers to scheduler.o(.data) for rt_current_thread
    thread.o(.text) refers to thread.o(.constdata) for __FUNCTION__
    thread.o(.text) refers to thread.o(.conststring) for .conststring
    thread.o(.text) refers to clock.o(.text) for rt_tick_from_millisecond
    thread.o(.text) refers to scheduler.o(.bss) for rt_thread_priority_table
    cpuport.o(.text) refers to kservice.o(.text) for rt_kprintf
    cpuport.o(.text) refers to thread.o(.text) for rt_thread_self
    cpuport.o(.text) refers to cmd.o(.text) for list_thread
    cpuport.o(.text) refers to cpuport.o(.data) for rt_exception_hook
    cpuport.o(.text) refers to cpuport.o(.constdata) for __FUNCTION__
    context_rvds.o(.text) refers to cpuport.o(.text) for rt_hw_hard_fault_exception
    context_rvds.o(.text) refers to cpuport.o(.data) for rt_thread_switch_interrupt_flag
    pin.o(.text) refers to kservice.o(.text) for rt_assert_handler
    pin.o(.text) refers to device.o(.text) for rt_device_register
    pin.o(.text) refers to pin.o(.constdata) for __FUNCTION__
    pin.o(.text) refers to pin.o(.bss) for _hw_pin
    pin.o(FSymTab) refers to pin.o(.rodata.name) for __fsym_pinMode_name
    pin.o(FSymTab) refers to pin.o(.text) for rt_pin_mode
    serial.o(.text) refers to kservice.o(.text) for rt_assert_handler
    serial.o(.text) refers to context_rvds.o(.text) for rt_hw_interrupt_disable
    serial.o(.text) refers to mem.o(.text) for rt_malloc
    serial.o(.text) refers to device.o(.text) for rt_device_register
    serial.o(.text) refers to serial.o(.constdata) for __FUNCTION__
    shell.o(.text) refers to msh.o(.text) for msh_is_used
    shell.o(.text) refers to strcpy.o(.text) for strcpy
    shell.o(.text) refers to strcat.o(.text) for strcat
    shell.o(.text) refers to kservice.o(.text) for rt_assert_handler
    shell.o(.text) refers to ipc.o(.text) for rt_sem_take
    shell.o(.text) refers to device.o(.text) for rt_device_read
    shell.o(.text) refers to memseta.o(.text) for __aeabi_memclr
    shell.o(.text) refers to memcmp.o(.text) for memcmp
    shell.o(.text) refers to memcpya.o(.text) for __aeabi_memcpy
    shell.o(.text) refers to strlen.o(.text) for strlen
    shell.o(.text) refers to shell.o(.bss) for finsh_prompt
    shell.o(.text) refers to shell.o(.data) for shell
    shell.o(.text) refers to shell.o(.constdata) for __FUNCTION__
    shell.o(.text) refers to mem.o(.text) for rt_calloc
    shell.o(.text) refers to thread.o(.text) for rt_thread_create
    shell.o(.text) refers to symbol.o(.data) for _syscall_table_begin
    shell.o(.rti_fn.6) refers to shell.o(.text) for finsh_system_init
    cmd.o(.text) refers to kservice.o(.text) for rt_kprintf
    cmd.o(.text) refers to scheduler.o(.text) for rt_enter_critical
    cmd.o(.text) refers to object.o(.text) for rt_object_get_information
    cmd.o(.text) refers to cmd.o(.conststring) for .conststring
    cmd.o(.text) refers to clock.o(.text) for rt_tick_get
    cmd.o(.text) refers to memcpya.o(.text) for __aeabi_memcpy4
    cmd.o(.text) refers to strncmp.o(.text) for strncmp
    cmd.o(.text) refers to cmd.o(.constdata) for .constdata
    cmd.o(.text) refers to symbol.o(.data) for _syscall_table_begin
    cmd.o(.constdata) refers to cmd.o(.conststring) for .conststring
    cmd.o(FSymTab) refers to cmd.o(.rodata.name) for __fsym_hello_name
    cmd.o(FSymTab) refers to cmd.o(.text) for hello
    msh.o(.text) refers to kservice.o(.text) for rt_kprintf
    msh.o(.text) refers to strncmp.o(.text) for strncmp
    msh.o(.text) refers to memseta.o(.text) for __aeabi_memclr4
    msh.o(.text) refers to strlen.o(.text) for strlen
    msh.o(.text) refers to symbol.o(.data) for _syscall_table_begin
    msh.o(.text) refers to msh.o(.constdata) for __FUNCTION__
    msh.o(FSymTab) refers to msh.o(.rodata.name) for __fsym___cmd_help_name
    msh.o(FSymTab) refers to msh.o(.text) for msh_help
    msh_cmd.o(.text) refers to cmd.o(.text) for list_thread
    msh_cmd.o(.text) refers to mem.o(.text) for list_mem
    msh_cmd.o(FSymTab) refers to msh_cmd.o(.rodata.name) for __fsym___cmd_ps_name
    msh_cmd.o(FSymTab) refers to msh_cmd.o(.text) for cmd_ps
    dynmem_sample.o(.text) refers to mem.o(.text) for rt_malloc
    dynmem_sample.o(.text) refers to kservice.o(.text) for rt_kprintf
    dynmem_sample.o(.text) refers to thread.o(.text) for rt_thread_create
    dynmem_sample.o(FSymTab) refers to dynmem_sample.o(.rodata.name) for __fsym___cmd_dynmem_sample_name
    dynmem_sample.o(FSymTab) refers to dynmem_sample.o(.text) for dynmem_sample
    event_sample.o(.text) refers to ipc.o(.text) for rt_event_recv
    event_sample.o(.text) refers to kservice.o(.text) for rt_kprintf
    event_sample.o(.text) refers to thread.o(.text) for rt_thread_mdelay
    event_sample.o(.text) refers to event_sample.o(.bss) for event
    event_sample.o(FSymTab) refers to event_sample.o(.rodata.name) for __fsym___cmd_event_sample_name
    event_sample.o(FSymTab) refers to event_sample.o(.text) for event_sample
    idlehook_sample.o(.text) refers to kservice.o(.text) for rt_kprintf
    idlehook_sample.o(.text) refers to scheduler.o(.text) for rt_enter_critical
    idlehook_sample.o(.text) refers to thread.o(.text) for rt_thread_mdelay
    idlehook_sample.o(.text) refers to idle.o(.text) for rt_thread_idle_delhook
    idlehook_sample.o(.text) refers to idlehook_sample.o(.data) for hook_times
    idlehook_sample.o(FSymTab) refers to idlehook_sample.o(.rodata.name) for __fsym___cmd_idle_hook_sample_name
    idlehook_sample.o(FSymTab) refers to idlehook_sample.o(.text) for idle_hook_sample
    interrupt_sample.o(.text) refers to context_rvds.o(.text) for rt_hw_interrupt_disable
    interrupt_sample.o(.text) refers to kservice.o(.text) for rt_kprintf
    interrupt_sample.o(.text) refers to thread.o(.text) for rt_thread_mdelay
    interrupt_sample.o(.text) refers to interrupt_sample.o(.data) for cnt
    interrupt_sample.o(FSymTab) refers to interrupt_sample.o(.rodata.name) for __fsym___cmd_interrupt_sample_name
    interrupt_sample.o(FSymTab) refers to interrupt_sample.o(.text) for interrupt_sample
    mailbox_sample.o(.text) refers to kservice.o(.text) for rt_kprintf
    mailbox_sample.o(.text) refers to ipc.o(.text) for rt_mb_recv
    mailbox_sample.o(.text) refers to thread.o(.text) for rt_thread_mdelay
    mailbox_sample.o(.text) refers to mailbox_sample.o(.bss) for mb
    mailbox_sample.o(.text) refers to mailbox_sample.o(.data) for mb_str3
    mailbox_sample.o(FSymTab) refers to mailbox_sample.o(.rodata.name) for __fsym___cmd_mailbox_sample_name
    mailbox_sample.o(FSymTab) refers to mailbox_sample.o(.text) for mailbox_sample
    memp_sample.o(.text) refers to mempool.o(.text) for rt_mp_alloc
    memp_sample.o(.text) refers to kservice.o(.text) for rt_kprintf
    memp_sample.o(.text) refers to thread.o(.text) for rt_thread_create
    memp_sample.o(.text) refers to memp_sample.o(.bss) for ptr
    memp_sample.o(.text) refers to memp_sample.o(.data) for tid1
    memp_sample.o(FSymTab) refers to memp_sample.o(.rodata.name) for __fsym___cmd_mempool_sample_name
    memp_sample.o(FSymTab) refers to memp_sample.o(.text) for mempool_sample
    msgq_sample.o(.text) refers to ipc.o(.text) for rt_mq_recv
    msgq_sample.o(.text) refers to kservice.o(.text) for rt_kprintf
    msgq_sample.o(.text) refers to thread.o(.text) for rt_thread_mdelay
    msgq_sample.o(.text) refers to msgq_sample.o(.bss) for mq
    msgq_sample.o(FSymTab) refers to msgq_sample.o(.rodata.name) for __fsym___cmd_msgq_sample_name
    msgq_sample.o(FSymTab) refers to msgq_sample.o(.text) for msgq_sample
    mutex_sample.o(.text) refers to ipc.o(.text) for rt_mutex_take
    mutex_sample.o(.text) refers to thread.o(.text) for rt_thread_mdelay
    mutex_sample.o(.text) refers to kservice.o(.text) for rt_kprintf
    mutex_sample.o(.text) refers to mutex_sample.o(.data) for dynamic_mutex
    mutex_sample.o(.text) refers to mutex_sample.o(.bss) for thread1_stack
    mutex_sample.o(FSymTab) refers to mutex_sample.o(.rodata.name) for __fsym___cmd_mutex_sample_name
    mutex_sample.o(FSymTab) refers to mutex_sample.o(.text) for mutex_sample
    priority_inversion.o(.text) refers to thread.o(.text) for rt_thread_mdelay
    priority_inversion.o(.text) refers to kservice.o(.text) for rt_kprintf
    priority_inversion.o(.text) refers to ipc.o(.text) for rt_mutex_take
    priority_inversion.o(.text) refers to clock.o(.text) for rt_tick_get
    priority_inversion.o(.text) refers to priority_inversion.o(.data) for tid2
    priority_inversion.o(FSymTab) refers to priority_inversion.o(.rodata.name) for __fsym___cmd_pri_inversion_name
    priority_inversion.o(FSymTab) refers to priority_inversion.o(.text) for pri_inversion
    producer_consumer.o(.text) refers to ipc.o(.text) for rt_sem_take
    producer_consumer.o(.text) refers to kservice.o(.text) for rt_kprintf
    producer_consumer.o(.text) refers to thread.o(.text) for rt_thread_mdelay
    producer_consumer.o(.text) refers to producer_consumer.o(.bss) for sem_empty
    producer_consumer.o(.text) refers to producer_consumer.o(.data) for set
    producer_consumer.o(FSymTab) refers to producer_consumer.o(.rodata.name) for __fsym___cmd_producer_consumer_name
    producer_consumer.o(FSymTab) refers to producer_consumer.o(.text) for producer_consumer
    scheduler_hook.o(.text) refers to kservice.o(.text) for rt_kprintf
    scheduler_hook.o(.text) refers to thread.o(.text) for rt_thread_mdelay
    scheduler_hook.o(.text) refers to scheduler.o(.text) for rt_scheduler_sethook
    scheduler_hook.o(.text) refers to scheduler_hook.o(.data) for tid1
    scheduler_hook.o(FSymTab) refers to scheduler_hook.o(.rodata.name) for __fsym___cmd_scheduler_hook_name
    scheduler_hook.o(FSymTab) refers to scheduler_hook.o(.text) for scheduler_hook
    semaphore_sample.o(.text) refers to kservice.o(.text) for rt_kprintf
    semaphore_sample.o(.text) refers to ipc.o(.text) for rt_sem_release
    semaphore_sample.o(.text) refers to thread.o(.text) for rt_thread_init
    semaphore_sample.o(.text) refers to semaphore_sample.o(.data) for count
    semaphore_sample.o(.text) refers to semaphore_sample.o(.bss) for thread1_stack
    semaphore_sample.o(FSymTab) refers to semaphore_sample.o(.rodata.name) for __fsym___cmd_semaphore_sample_name
    semaphore_sample.o(FSymTab) refers to semaphore_sample.o(.text) for semaphore_sample
    signal_sample.o(.text) refers to kservice.o(.text) for rt_kprintf
    signal_sample.o(.text) refers to signal.o(.text) for rt_signal_install
    signal_sample.o(.text) refers to thread.o(.text) for rt_thread_mdelay
    signal_sample.o(.text) refers to signal_sample.o(.data) for tid1
    signal_sample.o(FSymTab) refers to signal_sample.o(.rodata.name) for __fsym___cmd_signal_sample_name
    signal_sample.o(FSymTab) refers to signal_sample.o(.text) for signal_sample
    thread_sample.o(.text) refers to kservice.o(.text) for rt_kprintf
    thread_sample.o(.text) refers to thread.o(.text) for rt_thread_mdelay
    thread_sample.o(.text) refers to thread_sample.o(.data) for tid1
    thread_sample.o(.text) refers to thread_sample.o(.bss) for thread2_stack
    thread_sample.o(FSymTab) refers to thread_sample.o(.rodata.name) for __fsym___cmd_thread_sample_name
    thread_sample.o(FSymTab) refers to thread_sample.o(.text) for thread_sample
    timer_sample.o(.text) refers to kservice.o(.text) for rt_kprintf
    timer_sample.o(.text) refers to timer.o(.text) for rt_timer_stop
    timer_sample.o(.text) refers to timer_sample.o(.data) for cnt
    timer_sample.o(FSymTab) refers to timer_sample.o(.rodata.name) for __fsym___cmd_timer_sample_name
    timer_sample.o(FSymTab) refers to timer_sample.o(.text) for timer_sample
    entry.o(.ARM.Collect$$$$00000000) refers (Special) to entry10a.o(.ARM.Collect$$$$0000000D) for __rt_final_cpp
    entry.o(.ARM.Collect$$$$00000000) refers (Special) to entry11a.o(.ARM.Collect$$$$0000000F) for __rt_final_exit
    entry.o(.ARM.Collect$$$$00000000) refers (Special) to entry7b.o(.ARM.Collect$$$$00000008) for _main_clock
    entry.o(.ARM.Collect$$$$00000000) refers (Special) to entry8b.o(.ARM.Collect$$$$0000000A) for _main_cpp_init
    entry.o(.ARM.Collect$$$$00000000) refers (Special) to entry9a.o(.ARM.Collect$$$$0000000B) for _main_init
    entry.o(.ARM.Collect$$$$00000000) refers (Special) to entry5.o(.ARM.Collect$$$$00000004) for _main_scatterload
    entry.o(.ARM.Collect$$$$00000000) refers (Special) to entry2.o(.ARM.Collect$$$$00000001) for _main_stk
    entry2.o(.ARM.Collect$$$$00000001) refers to entry2.o(.ARM.Collect$$$$00002712) for __lit__00000000
    entry2.o(.ARM.Collect$$$$00002712) refers to startup_stm32f103xe.o(STACK) for __initial_sp
    entry2.o(__vectab_stack_and_reset_area) refers to startup_stm32f103xe.o(STACK) for __initial_sp
    entry2.o(__vectab_stack_and_reset_area) refers to entry.o(.ARM.Collect$$$$00000000) for __main
    entry5.o(.ARM.Collect$$$$00000004) refers to init.o(.text) for __scatterload
    entry9a.o(.ARM.Collect$$$$0000000B) refers to components_1.o(.text) for main
    entry9b.o(.ARM.Collect$$$$0000000C) refers to components_1.o(.text) for main
    init.o(.text) refers to entry5.o(.ARM.Collect$$$$00000004) for __main_after_scatterload


==============================================================================

Removing Unused input sections from the image.

    Removing board.o(.rev16_text), (4 bytes).
    Removing board.o(.revsh_text), (4 bytes).
    Removing board.o(.rrx_text), (6 bytes).
    Removing stm32f1xx_it.o(.rev16_text), (4 bytes).
    Removing stm32f1xx_it.o(.revsh_text), (4 bytes).
    Removing stm32f1xx_it.o(.rrx_text), (6 bytes).
    Removing drv_gpio.o(.rev16_text), (4 bytes).
    Removing drv_gpio.o(.revsh_text), (4 bytes).
    Removing drv_gpio.o(.rrx_text), (6 bytes).
    Removing drv_usart.o(.rev16_text), (4 bytes).
    Removing drv_usart.o(.revsh_text), (4 bytes).
    Removing drv_usart.o(.rrx_text), (6 bytes).
    Removing system_stm32f1xx.o(.rev16_text), (4 bytes).
    Removing system_stm32f1xx.o(.revsh_text), (4 bytes).
    Removing system_stm32f1xx.o(.rrx_text), (6 bytes).
    Removing stm32f1xx_hal_adc.o(.rev16_text), (4 bytes).
    Removing stm32f1xx_hal_adc.o(.revsh_text), (4 bytes).
    Removing stm32f1xx_hal_adc.o(.rrx_text), (6 bytes).
    Removing stm32f1xx_hal_adc_ex.o(.rev16_text), (4 bytes).
    Removing stm32f1xx_hal_adc_ex.o(.revsh_text), (4 bytes).
    Removing stm32f1xx_hal_adc_ex.o(.rrx_text), (6 bytes).
    Removing stm32f1xx_hal_gpio.o(.rev16_text), (4 bytes).
    Removing stm32f1xx_hal_gpio.o(.revsh_text), (4 bytes).
    Removing stm32f1xx_hal_gpio.o(.rrx_text), (6 bytes).
    Removing stm32f1xx_hal_gpio_ex.o(.rev16_text), (4 bytes).
    Removing stm32f1xx_hal_gpio_ex.o(.revsh_text), (4 bytes).
    Removing stm32f1xx_hal_gpio_ex.o(.rrx_text), (6 bytes).
    Removing stm32f1xx_hal_gpio_ex.o(.text), (52 bytes).
    Removing stm32f1xx_hal_flash.o(.rev16_text), (4 bytes).
    Removing stm32f1xx_hal_flash.o(.revsh_text), (4 bytes).
    Removing stm32f1xx_hal_flash.o(.rrx_text), (6 bytes).
    Removing stm32f1xx_hal_flash.o(.text), (1048 bytes).
    Removing stm32f1xx_hal_flash.o(.bss), (32 bytes).
    Removing stm32f1xx_hal_flash_ex.o(.rev16_text), (4 bytes).
    Removing stm32f1xx_hal_flash_ex.o(.revsh_text), (4 bytes).
    Removing stm32f1xx_hal_flash_ex.o(.rrx_text), (6 bytes).
    Removing stm32f1xx_hal_flash_ex.o(.text), (1424 bytes).
    Removing stm32f1xx_hal_dma.o(.rev16_text), (4 bytes).
    Removing stm32f1xx_hal_dma.o(.revsh_text), (4 bytes).
    Removing stm32f1xx_hal_dma.o(.rrx_text), (6 bytes).
    Removing stm32f1xx_hal_cortex.o(.rev16_text), (4 bytes).
    Removing stm32f1xx_hal_cortex.o(.revsh_text), (4 bytes).
    Removing stm32f1xx_hal_cortex.o(.rrx_text), (6 bytes).
    Removing stm32f1xx_hal_crc.o(.rev16_text), (4 bytes).
    Removing stm32f1xx_hal_crc.o(.revsh_text), (4 bytes).
    Removing stm32f1xx_hal_crc.o(.rrx_text), (6 bytes).
    Removing stm32f1xx_hal_i2c.o(.rev16_text), (4 bytes).
    Removing stm32f1xx_hal_i2c.o(.revsh_text), (4 bytes).
    Removing stm32f1xx_hal_i2c.o(.rrx_text), (6 bytes).
    Removing stm32f1xx_hal_irda.o(.rev16_text), (4 bytes).
    Removing stm32f1xx_hal_irda.o(.revsh_text), (4 bytes).
    Removing stm32f1xx_hal_irda.o(.rrx_text), (6 bytes).
    Removing stm32f1xx_hal_iwdg.o(.rev16_text), (4 bytes).
    Removing stm32f1xx_hal_iwdg.o(.revsh_text), (4 bytes).
    Removing stm32f1xx_hal_iwdg.o(.rrx_text), (6 bytes).
    Removing stm32f1xx_hal_pwr.o(.rev16_text), (4 bytes).
    Removing stm32f1xx_hal_pwr.o(.revsh_text), (4 bytes).
    Removing stm32f1xx_hal_pwr.o(.rrx_text), (6 bytes).
    Removing stm32f1xx_hal_pwr.o(.text), (520 bytes).
    Removing stm32f1xx_hal_rcc.o(.rev16_text), (4 bytes).
    Removing stm32f1xx_hal_rcc.o(.revsh_text), (4 bytes).
    Removing stm32f1xx_hal_rcc.o(.rrx_text), (6 bytes).
    Removing stm32f1xx_hal_rcc_ex.o(.rev16_text), (4 bytes).
    Removing stm32f1xx_hal_rcc_ex.o(.revsh_text), (4 bytes).
    Removing stm32f1xx_hal_rcc_ex.o(.rrx_text), (6 bytes).
    Removing stm32f1xx_hal_rcc_ex.o(.text), (692 bytes).
    Removing stm32f1xx_hal_rtc.o(.rev16_text), (4 bytes).
    Removing stm32f1xx_hal_rtc.o(.revsh_text), (4 bytes).
    Removing stm32f1xx_hal_rtc.o(.rrx_text), (6 bytes).
    Removing stm32f1xx_hal_rtc_ex.o(.rev16_text), (4 bytes).
    Removing stm32f1xx_hal_rtc_ex.o(.revsh_text), (4 bytes).
    Removing stm32f1xx_hal_rtc_ex.o(.rrx_text), (6 bytes).
    Removing stm32f1xx_hal_smartcard.o(.rev16_text), (4 bytes).
    Removing stm32f1xx_hal_smartcard.o(.revsh_text), (4 bytes).
    Removing stm32f1xx_hal_smartcard.o(.rrx_text), (6 bytes).
    Removing stm32f1xx_hal_spi.o(.rev16_text), (4 bytes).
    Removing stm32f1xx_hal_spi.o(.revsh_text), (4 bytes).
    Removing stm32f1xx_hal_spi.o(.rrx_text), (6 bytes).
    Removing stm32f1xx_hal_spi_ex.o(.rev16_text), (4 bytes).
    Removing stm32f1xx_hal_spi_ex.o(.revsh_text), (4 bytes).
    Removing stm32f1xx_hal_spi_ex.o(.rrx_text), (6 bytes).
    Removing stm32f1xx_hal_tim.o(.rev16_text), (4 bytes).
    Removing stm32f1xx_hal_tim.o(.revsh_text), (4 bytes).
    Removing stm32f1xx_hal_tim.o(.rrx_text), (6 bytes).
    Removing stm32f1xx_hal_tim.o(.text), (10164 bytes).
    Removing stm32f1xx_hal_tim_ex.o(.rev16_text), (4 bytes).
    Removing stm32f1xx_hal_tim_ex.o(.revsh_text), (4 bytes).
    Removing stm32f1xx_hal_tim_ex.o(.rrx_text), (6 bytes).
    Removing stm32f1xx_hal_tim_ex.o(.text), (3472 bytes).
    Removing stm32f1xx_hal_uart.o(.rev16_text), (4 bytes).
    Removing stm32f1xx_hal_uart.o(.revsh_text), (4 bytes).
    Removing stm32f1xx_hal_uart.o(.rrx_text), (6 bytes).
    Removing stm32f1xx_hal_usart.o(.rev16_text), (4 bytes).
    Removing stm32f1xx_hal_usart.o(.revsh_text), (4 bytes).
    Removing stm32f1xx_hal_usart.o(.rrx_text), (6 bytes).
    Removing stm32f1xx_hal_usart.o(.text), (4412 bytes).
    Removing stm32f1xx_hal_wwdg.o(.rev16_text), (4 bytes).
    Removing stm32f1xx_hal_wwdg.o(.revsh_text), (4 bytes).
    Removing stm32f1xx_hal_wwdg.o(.rrx_text), (6 bytes).
    Removing stm32f1xx_hal.o(.rev16_text), (4 bytes).
    Removing stm32f1xx_hal.o(.revsh_text), (4 bytes).
    Removing stm32f1xx_hal.o(.rrx_text), (6 bytes).
    Removing stm32f1xx_ll_fsmc.o(.rev16_text), (4 bytes).
    Removing stm32f1xx_ll_fsmc.o(.revsh_text), (4 bytes).
    Removing stm32f1xx_ll_fsmc.o(.rrx_text), (6 bytes).
    Removing stm32f1xx_ll_sdmmc.o(.rev16_text), (4 bytes).
    Removing stm32f1xx_ll_sdmmc.o(.revsh_text), (4 bytes).
    Removing stm32f1xx_ll_sdmmc.o(.rrx_text), (6 bytes).
    Removing stm32f1xx_ll_usb.o(.rev16_text), (4 bytes).
    Removing stm32f1xx_ll_usb.o(.revsh_text), (4 bytes).
    Removing stm32f1xx_ll_usb.o(.rrx_text), (6 bytes).
    Removing stm32f1xx_ll_utils.o(.rev16_text), (4 bytes).
    Removing stm32f1xx_ll_utils.o(.revsh_text), (4 bytes).
    Removing stm32f1xx_ll_utils.o(.rrx_text), (6 bytes).
    Removing stm32f1xx_ll_utils.o(.text), (720 bytes).
    Removing stm32f1xx_hal_can.o(.rev16_text), (4 bytes).
    Removing stm32f1xx_hal_can.o(.revsh_text), (4 bytes).
    Removing stm32f1xx_hal_can.o(.rrx_text), (6 bytes).
    Removing stm32f1xx_hal_dac.o(.rev16_text), (4 bytes).
    Removing stm32f1xx_hal_dac.o(.revsh_text), (4 bytes).
    Removing stm32f1xx_hal_dac.o(.rrx_text), (6 bytes).
    Removing stm32f1xx_hal_dac_ex.o(.rev16_text), (4 bytes).
    Removing stm32f1xx_hal_dac_ex.o(.revsh_text), (4 bytes).
    Removing stm32f1xx_hal_dac_ex.o(.rrx_text), (6 bytes).
    Removing stm32f1xx_hal_i2s.o(.rev16_text), (4 bytes).
    Removing stm32f1xx_hal_i2s.o(.revsh_text), (4 bytes).
    Removing stm32f1xx_hal_i2s.o(.rrx_text), (6 bytes).
    Removing stm32f1xx_hal_mmc.o(.rev16_text), (4 bytes).
    Removing stm32f1xx_hal_mmc.o(.revsh_text), (4 bytes).
    Removing stm32f1xx_hal_mmc.o(.rrx_text), (6 bytes).
    Removing stm32f1xx_hal_sd.o(.rev16_text), (4 bytes).
    Removing stm32f1xx_hal_sd.o(.revsh_text), (4 bytes).
    Removing stm32f1xx_hal_sd.o(.rrx_text), (6 bytes).
    Removing stm32f1xx_hal_nand.o(.rev16_text), (4 bytes).
    Removing stm32f1xx_hal_nand.o(.revsh_text), (4 bytes).
    Removing stm32f1xx_hal_nand.o(.rrx_text), (6 bytes).
    Removing stm32f1xx_hal_pccard.o(.rev16_text), (4 bytes).
    Removing stm32f1xx_hal_pccard.o(.revsh_text), (4 bytes).
    Removing stm32f1xx_hal_pccard.o(.rrx_text), (6 bytes).
    Removing stm32f1xx_hal_nor.o(.rev16_text), (4 bytes).
    Removing stm32f1xx_hal_nor.o(.revsh_text), (4 bytes).
    Removing stm32f1xx_hal_nor.o(.rrx_text), (6 bytes).
    Removing stm32f1xx_hal_sram.o(.rev16_text), (4 bytes).
    Removing stm32f1xx_hal_sram.o(.revsh_text), (4 bytes).
    Removing stm32f1xx_hal_sram.o(.rrx_text), (6 bytes).
    Removing stm32f1xx_hal_pcd.o(.rev16_text), (4 bytes).
    Removing stm32f1xx_hal_pcd.o(.revsh_text), (4 bytes).
    Removing stm32f1xx_hal_pcd.o(.rrx_text), (6 bytes).
    Removing stm32f1xx_hal_pcd_ex.o(.rev16_text), (4 bytes).
    Removing stm32f1xx_hal_pcd_ex.o(.revsh_text), (4 bytes).
    Removing stm32f1xx_hal_pcd_ex.o(.rrx_text), (6 bytes).
    Removing startup_stm32f103xe.o(HEAP), (512 bytes).
    Removing memheap.o(.text), (1820 bytes).
    Removing memheap.o(.constdata), (86 bytes).

154 unused section(s) (total 25612 bytes) removed from the image.
